20190701/clinical_assertion_trait_set//created/000000000000:140747:{"clinical_assertion_trait_ids":["SCV000788260.0"],"id":"SCV000788260","type":"Disease"}
