20190701/clinical_assertion_observation//created/000000000000:180708:{"id":"SCV000788260.0","content":"{\"Method\":{\"MethodType\":{\"$\":\"literature only\"}},\"ObservedData\":{\"Attribute\":{\"$\":\"not provided\",\"@Type\":\"Description\"}},\"Sample\":{\"AffectedStatus\":{\"$\":\"yes\"},\"FamilyData\":{\"@NumFamiliesWithVariant\":\"1\"},\"GeographicOrigin\":{\"$\":\"China\"},\"Origin\":{\"$\":\"germline\"},\"Species\":{\"$\":\"human\",\"@TaxonomyId\":\"9606\"}}}"}
