20190701/clinical_assertion_variation//created/000000000000:2192:{"subclass_type":"Haplotype","id":"SCV000788260.2","descendant_ids":["SCV000788260.3","SCV000788260.4","SCV000788260.5"],"child_ids":["SCV000788260.3","SCV000788260.4","SCV000788260.5"],"clinical_assertion_id":"SCV000788260"}
20190701/clinical_assertion_variation//created/000000000000:182529:{"variation_type":"Variation","subclass_type":"SimpleAllele","content":"{\"AttributeSet\":{\"Attribute\":{\"$\":\"NM_020975.4:c.200G\u003eA\",\"@Type\":\"HGVS\"}},\"GeneList\":{\"Gene\":{\"@Symbol\":\"RET\"}}}","id":"SCV000788260.3","descendant_ids":[],"child_ids":[],"clinical_assertion_id":"SCV000788260"}
20190701/clinical_assertion_variation//created/000000000000:182730:{"variation_type":"Variation","subclass_type":"SimpleAllele","content":"{\"AttributeSet\":{\"Attribute\":{\"$\":\"NM_020975.4:c.874G\u003eA\",\"@Type\":\"HGVS\"}},\"GeneList\":{\"Gene\":{\"@Symbol\":\"RET\"}}}","id":"SCV000788260.4","descendant_ids":[],"child_ids":[],"clinical_assertion_id":"SCV000788260"}
20190701/clinical_assertion_variation//created/000000000000:236009:{"variation_type":"Variation","subclass_type":"SimpleAllele","content":"{\"AttributeSet\":{\"Attribute\":{\"$\":\"NM_020975.4:c.1901G\u003eA\",\"@Type\":\"HGVS\"}},\"GeneList\":{\"Gene\":{\"@Symbol\":\"RET\"}}}","id":"SCV000788260.1","descendant_ids":[],"child_ids":[],"clinical_assertion_id":"SCV000788260"}
20190701/clinical_assertion_variation//created/000000000000:236467:{"variation_type":"Variation","subclass_type":"SimpleAllele","content":"{\"AttributeSet\":{\"Attribute\":{\"$\":\"NM_020975.4:c.2944C\u003eT\",\"@Type\":\"HGVS\"}},\"GeneList\":{\"Gene\":{\"@Symbol\":\"RET\"}}}","id":"SCV000788260.5","descendant_ids":[],"child_ids":[],"clinical_assertion_id":"SCV000788260"}
20190701/clinical_assertion_variation//created/000000000000:785000:{"variation_type":"CompoundHeterozygote","subclass_type":"Genotype","content":"{\"Name\":{\"$\":\"NM_020975.4:c.[1901G\u003eA];[200G\u003eA;874G\u003eA;2944C\u003eT]\"}}","id":"SCV000788260.0","descendant_ids":["SCV000788260.1","SCV000788260.2","SCV000788260.3","SCV000788260.4","SCV000788260.5"],"child_ids":["SCV000788260.1","SCV000788260.2"],"clinical_assertion_id":"SCV000788260"}
