20190701/clinical_assertion_trait//created/000000000000:229368:{"id":"SCV000788260.0","medgen_id":"CN073359","type":"Disease","alternate_names":[],"xrefs":[]}
