20190701/clinical_assertion//created/000000000001:166463:{"date_created":"2018-07-27","rcv_accession_id":"RCV000664336","record_status":"current","interpretation_description":"Pathogenic","submitter_id":"506018","clinical_assertion_observation_ids":["SCV000788260.0"],"variation_id":"549768","submitted_assembly":"not applicable","interpretation_date_last_evaluated":"2018-05-04","submission_id":"506018.2018-05-10","clinical_assertion_trait_set_id":"SCV000788260","interpretation_comments":["{\"text\":\"The p.V292M/R67H/R982C allele was found in trans with p.C634Y in a Chinese family, genotype c.[1901G\u003eA];[200G\u003eA;874G\u003eA;2944C\u003eT]. One family member had both variant RET alleles and MTC onset at 13 yrs. Family members with only the p.C634Y mutation had MEN2A. Family members with the p.V292M/R67H/R982C allele had MTC (70 yr) and C-cell hyperplasia (44 yr). Variants p.R67H and p.R982C are common and likely benign, GnomAD frequency 0.1% and 2%, respectively (gnomad.broadinstitute.org/gene/ENSG00000165731). For reports of p.V292M alone, see c.874G\u003eA.\",\"type\":\"public\"}"],"content":"{\"Interpretation\":{\"Citation\":[{\"ID\":{\"$\":\"21655256\",\"@Source\":\"PubMed\"}},{\"URL\":{\"$\":\"http://www.arup.utah.edu/database/MEN2/MEN2_display.php\"}}]}}","local_key":"6|MedGen:CN073359","id":"SCV000788260","variation_archive_id":"VCV000549768","internal_id":"1538355","version":"1","date_last_updated":"2019-03-31","assertion_type":"variation to disease","trait_set_id":"8702","review_status":"no assertion criteria provided","submission_names":["MEN2 update May 2018"]}
20190902/clinical_assertion//updated/000000000000:60161:{"assertion_type":"variation to disease","version":"1","submitted_assembly":"not applicable","content":"{\"Interpretation\":{\"Citation\":[{\"ID\":{\"$\":\"21655256\",\"@Source\":\"PubMed\"}},{\"URL\":{\"$\":\"http://www.arup.utah.edu/database/MEN2/MEN2_display.php\"}}]}}","date_created":"2018-07-27","clinical_assertion_observation_ids":["SCV000788260.0"],"submitter_id":"506018","date_last_updated":"2019-08-03","trait_set_id":"8702","review_status":"no assertion criteria provided","variation_archive_id":"VCV000549768","interpretation_description":"Pathogenic","submission_id":"506018.2018-05-10","submission_names":["MEN2 update May 2018"],"rcv_accession_id":"RCV000664336","internal_id":"1538355","variation_id":"549768","clinical_assertion_trait_set_id":"SCV000788260","local_key":"6|MedGen:CN073359","record_status":"current","interpretation_date_last_evaluated":"2018-05-04","id":"SCV000788260","interpretation_comments":["{\"text\":\"The p.V292M/R67H/R982C allele was found in trans with p.C634Y in a Chinese family, genotype c.[1901G\u003eA];[200G\u003eA;874G\u003eA;2944C\u003eT]. One family member had both variant RET alleles and MTC onset at 13 yrs. Family members with only the p.C634Y mutation had MEN2A. Family members with the p.V292M/R67H/R982C allele had MTC (70 yr) and C-cell hyperplasia (44 yr). Variants p.R67H and p.R982C are common and likely benign, GnomAD frequency 0.1% and 2%, respectively (gnomad.broadinstitute.org/gene/ENSG00000165731). For reports of p.V292M alone, see c.874G\u003eA.\"}"]}
20200330/clinical_assertion//updated/000000000000:54746:{"submission_id":"506018.2018-05-10","submitted_assembly":"not applicable","interpretation_comments":["{\"text\":\"The p.V292M/R67H/R982C allele was found in trans with p.C634Y in a Chinese family, genotype c.[1901G\u003eA];[200G\u003eA;874G\u003eA;2944C\u003eT]. One family member had both variant RET alleles and MTC onset at 13 yrs. Family members with only the p.C634Y mutation had MEN2A. Family members with the p.V292M/R67H/R982C allele had MTC (70 yr) and C-cell hyperplasia (44 yr). Variants p.R67H and p.R982C are common and likely benign, GnomAD frequency 0.1% and 2%, respectively (gnomad.broadinstitute.org/gene/ENSG00000165731). For reports of p.V292M alone, see c.874G\u003eA.\"}"],"clinical_assertion_trait_set_id":"SCV000788260","review_status":"no assertion criteria provided","variation_archive_id":"VCV000549768","content":"{\"Interpretation\":{\"Citation\":[{\"ID\":{\"$\":\"21655256\",\"@Source\":\"PubMed\"}},{\"URL\":{\"$\":\"http://www.arup.utah.edu/database/MEN2/MEN2_display.php\"}}]}}","date_created":"2018-07-27","version":"1","trait_set_id":"8702","submission_names":["MEN2 update May 2018"],"date_last_updated":"2020-03-26","interpretation_date_last_evaluated":"2018-05-04","assertion_type":"variation to disease","internal_id":"1538355","clinical_assertion_observation_ids":["SCV000788260.0"],"id":"SCV000788260","local_key":"6|MedGen:CN073359","interpretation_description":"Pathogenic","variation_id":"549768","rcv_accession_id":"RCV000664336","record_status":"current","submitter_id":"506018"}
20200506/clinical_assertion//updated/000000000000:93026:{"id":"SCV000788260","clinical_assertion_trait_set_id":"SCV000788260","content":"{\"Interpretation\":{\"Citation\":[{\"ID\":{\"$\":\"21655256\",\"@Source\":\"PubMed\"}},{\"URL\":{\"$\":\"http://www.arup.utah.edu/database/MEN2/MEN2_display.php\"}}]}}","submission_id":"506018.2018-05-10","interpretation_date_last_evaluated":"2018-05-04","version":"1","internal_id":"1538355","clinical_assertion_observation_ids":["SCV000788260.0"],"date_last_updated":"2020-04-18","assertion_type":"variation to disease","variation_archive_id":"VCV000549768","review_status":"no assertion criteria provided","trait_set_id":"8702","date_created":"2018-07-27","submitter_id":"506018","rcv_accession_id":"RCV000664336","submission_names":["MEN2 update May 2018"],"local_key":"6|MedGen:CN073359","submitted_assembly":"not applicable","interpretation_comments":["{\"text\":\"The p.V292M/R67H/R982C allele was found in trans with p.C634Y in a Chinese family, genotype c.[1901G\u003eA];[200G\u003eA;874G\u003eA;2944C\u003eT]. One family member had both variant RET alleles and MTC onset at 13 yrs. Family members with only the p.C634Y mutation had MEN2A. Family members with the p.V292M/R67H/R982C allele had MTC (70 yr) and C-cell hyperplasia (44 yr). Variants p.R67H and p.R982C are common and likely benign, GnomAD frequency 0.1% and 2%, respectively (gnomad.broadinstitute.org/gene/ENSG00000165731). For reports of p.V292M alone, see c.874G\u003eA.\"}"],"record_status":"current","interpretation_description":"Pathogenic","variation_id":"549768"}
