20190701/gene_association//created/000000000000:141161:{"source":"submitted","variation_id":"24880","relationship_type":"within single gene","content":"{\"Haploinsufficiency\":{\"$\":\"Sufficient evidence for dosage pathogenicity\",\"@ClinGen\":\"https://www.ncbi.nlm.nih.gov/projects/dbvar/ISCA/isca_gene.cgi?sym=RET\",\"@last_evaluated\":\"2011-10-28\"},\"Location\":{\"CytogeneticLocation\":{\"$\":\"10q11.21\"},\"SequenceLocation\":[{\"@Accession\":\"NC_000010.11\",\"@Assembly\":\"GRCh38\",\"@AssemblyAccessionVersion\":\"GCF_000001405.38\",\"@AssemblyStatus\":\"current\",\"@Chr\":\"10\",\"@Strand\":\"+\",\"@display_start\":\"43077027\",\"@display_stop\":\"43130351\",\"@start\":\"43077027\",\"@stop\":\"43130351\"},{\"@Accession\":\"NC_000010.10\",\"@Assembly\":\"GRCh37\",\"@AssemblyAccessionVersion\":\"GCF_000001405.25\",\"@AssemblyStatus\":\"previous\",\"@Chr\":\"10\",\"@Strand\":\"+\",\"@display_start\":\"43572516\",\"@display_stop\":\"43625798\",\"@start\":\"43572516\",\"@stop\":\"43625798\"}]},\"OMIM\":{\"$\":\"164761\"},\"Property\":{\"$\":\"gene_acmg_incidental_2013\"},\"Triplosensitivity\":{\"$\":\"No evidence available\",\"@ClinGen\":\"https://www.ncbi.nlm.nih.gov/projects/dbvar/ISCA/isca_gene.cgi?sym=RET\",\"@last_evaluated\":\"2011-10-28\"}}","gene_id":"5979"}
20190701/gene_association//created/000000000000:303887:{"source":"submitted","variation_id":"41839","relationship_type":"within single gene","content":"{\"Haploinsufficiency\":{\"$\":\"Sufficient evidence for dosage pathogenicity\",\"@ClinGen\":\"https://www.ncbi.nlm.nih.gov/projects/dbvar/ISCA/isca_gene.cgi?sym=RET\",\"@last_evaluated\":\"2011-10-28\"},\"Location\":{\"CytogeneticLocation\":{\"$\":\"10q11.21\"},\"SequenceLocation\":[{\"@Accession\":\"NC_000010.11\",\"@Assembly\":\"GRCh38\",\"@AssemblyAccessionVersion\":\"GCF_000001405.38\",\"@AssemblyStatus\":\"current\",\"@Chr\":\"10\",\"@Strand\":\"+\",\"@display_start\":\"43077027\",\"@display_stop\":\"43130351\",\"@start\":\"43077027\",\"@stop\":\"43130351\"},{\"@Accession\":\"NC_000010.10\",\"@Assembly\":\"GRCh37\",\"@AssemblyAccessionVersion\":\"GCF_000001405.25\",\"@AssemblyStatus\":\"previous\",\"@Chr\":\"10\",\"@Strand\":\"+\",\"@display_start\":\"43572516\",\"@display_stop\":\"43625798\",\"@start\":\"43572516\",\"@stop\":\"43625798\"}]},\"OMIM\":{\"$\":\"164761\"},\"Property\":{\"$\":\"gene_acmg_incidental_2013\"},\"Triplosensitivity\":{\"$\":\"No evidence available\",\"@ClinGen\":\"https://www.ncbi.nlm.nih.gov/projects/dbvar/ISCA/isca_gene.cgi?sym=RET\",\"@last_evaluated\":\"2011-10-28\"}}","gene_id":"5979"}
20190701/gene_association//created/000000000000:661708:{"source":"submitted","variation_id":"13938","relationship_type":"within single gene","content":"{\"Haploinsufficiency\":{\"$\":\"Sufficient evidence for dosage pathogenicity\",\"@ClinGen\":\"https://www.ncbi.nlm.nih.gov/projects/dbvar/ISCA/isca_gene.cgi?sym=RET\",\"@last_evaluated\":\"2011-10-28\"},\"Location\":{\"CytogeneticLocation\":{\"$\":\"10q11.21\"},\"SequenceLocation\":[{\"@Accession\":\"NC_000010.11\",\"@Assembly\":\"GRCh38\",\"@AssemblyAccessionVersion\":\"GCF_000001405.38\",\"@AssemblyStatus\":\"current\",\"@Chr\":\"10\",\"@Strand\":\"+\",\"@display_start\":\"43077027\",\"@display_stop\":\"43130351\",\"@start\":\"43077027\",\"@stop\":\"43130351\"},{\"@Accession\":\"NC_000010.10\",\"@Assembly\":\"GRCh37\",\"@AssemblyAccessionVersion\":\"GCF_000001405.25\",\"@AssemblyStatus\":\"previous\",\"@Chr\":\"10\",\"@Strand\":\"+\",\"@display_start\":\"43572516\",\"@display_stop\":\"43625798\",\"@start\":\"43572516\",\"@stop\":\"43625798\"}]},\"OMIM\":{\"$\":\"164761\"},\"Property\":{\"$\":\"gene_acmg_incidental_2013\"},\"Triplosensitivity\":{\"$\":\"No evidence available\",\"@ClinGen\":\"https://www.ncbi.nlm.nih.gov/projects/dbvar/ISCA/isca_gene.cgi?sym=RET\",\"@last_evaluated\":\"2011-10-28\"}}","gene_id":"5979"}
20190701/gene_association//created/000000000001:685193:{"source":"submitted","variation_id":"13909","relationship_type":"within single gene","content":"{\"Haploinsufficiency\":{\"$\":\"Sufficient evidence for dosage pathogenicity\",\"@ClinGen\":\"https://www.ncbi.nlm.nih.gov/projects/dbvar/ISCA/isca_gene.cgi?sym=RET\",\"@last_evaluated\":\"2011-10-28\"},\"Location\":{\"CytogeneticLocation\":{\"$\":\"10q11.21\"},\"SequenceLocation\":[{\"@Accession\":\"NC_000010.11\",\"@Assembly\":\"GRCh38\",\"@AssemblyAccessionVersion\":\"GCF_000001405.38\",\"@AssemblyStatus\":\"current\",\"@Chr\":\"10\",\"@Strand\":\"+\",\"@display_start\":\"43077027\",\"@display_stop\":\"43130351\",\"@start\":\"43077027\",\"@stop\":\"43130351\"},{\"@Accession\":\"NC_000010.10\",\"@Assembly\":\"GRCh37\",\"@AssemblyAccessionVersion\":\"GCF_000001405.25\",\"@AssemblyStatus\":\"previous\",\"@Chr\":\"10\",\"@Strand\":\"+\",\"@display_start\":\"43572516\",\"@display_stop\":\"43625798\",\"@start\":\"43572516\",\"@stop\":\"43625798\"}]},\"OMIM\":{\"$\":\"164761\"},\"Property\":{\"$\":\"gene_acmg_incidental_2013\"},\"Triplosensitivity\":{\"$\":\"No evidence available\",\"@ClinGen\":\"https://www.ncbi.nlm.nih.gov/projects/dbvar/ISCA/isca_gene.cgi?sym=RET\",\"@last_evaluated\":\"2011-10-28\"}}","gene_id":"5979"}
20200817/gene_association//updated/000000000000:8149:{"content":"{\"Haploinsufficiency\":{\"$\":\"Sufficient evidence for dosage pathogenicity\",\"@ClinGen\":\"https://www.ncbi.nlm.nih.gov/projects/dbvar/ISCA/isca_gene.cgi?sym=RET\",\"@last_evaluated\":\"2011-10-28\"},\"Location\":{\"CytogeneticLocation\":{\"$\":\"10q11.21\"},\"SequenceLocation\":[{\"@Accession\":\"NC_000010.11\",\"@Assembly\":\"GRCh38\",\"@AssemblyAccessionVersion\":\"GCF_000001405.38\",\"@AssemblyStatus\":\"current\",\"@Chr\":\"10\",\"@Strand\":\"+\",\"@display_start\":\"43077027\",\"@display_stop\":\"43130351\",\"@start\":\"43077027\",\"@stop\":\"43130351\"},{\"@Accession\":\"NC_000010.10\",\"@Assembly\":\"GRCh37\",\"@AssemblyAccessionVersion\":\"GCF_000001405.25\",\"@AssemblyStatus\":\"previous\",\"@Chr\":\"10\",\"@Strand\":\"+\",\"@display_start\":\"43572516\",\"@display_stop\":\"43625798\",\"@start\":\"43572516\",\"@stop\":\"43625798\"}]},\"OMIM\":{\"$\":\"164761\"},\"Property\":[{\"$\":\"gene_acmg_incidental_2013\"},{\"$\":\"gene_acmg_incidental_2016\"}],\"Triplosensitivity\":{\"$\":\"No evidence available\",\"@ClinGen\":\"https://www.ncbi.nlm.nih.gov/projects/dbvar/ISCA/isca_gene.cgi?sym=RET\",\"@last_evaluated\":\"2011-10-28\"}}","source":"submitted","relationship_type":"within single gene","gene_id":"5979","variation_id":"13938"}
20200817/gene_association//updated/000000000000:8430:{"content":"{\"Haploinsufficiency\":{\"$\":\"Sufficient evidence for dosage pathogenicity\",\"@ClinGen\":\"https://www.ncbi.nlm.nih.gov/projects/dbvar/ISCA/isca_gene.cgi?sym=RET\",\"@last_evaluated\":\"2011-10-28\"},\"Location\":{\"CytogeneticLocation\":{\"$\":\"10q11.21\"},\"SequenceLocation\":[{\"@Accession\":\"NC_000010.11\",\"@Assembly\":\"GRCh38\",\"@AssemblyAccessionVersion\":\"GCF_000001405.38\",\"@AssemblyStatus\":\"current\",\"@Chr\":\"10\",\"@Strand\":\"+\",\"@display_start\":\"43077027\",\"@display_stop\":\"43130351\",\"@start\":\"43077027\",\"@stop\":\"43130351\"},{\"@Accession\":\"NC_000010.10\",\"@Assembly\":\"GRCh37\",\"@AssemblyAccessionVersion\":\"GCF_000001405.25\",\"@AssemblyStatus\":\"previous\",\"@Chr\":\"10\",\"@Strand\":\"+\",\"@display_start\":\"43572516\",\"@display_stop\":\"43625798\",\"@start\":\"43572516\",\"@stop\":\"43625798\"}]},\"OMIM\":{\"$\":\"164761\"},\"Property\":[{\"$\":\"gene_acmg_incidental_2013\"},{\"$\":\"gene_acmg_incidental_2016\"}],\"Triplosensitivity\":{\"$\":\"No evidence available\",\"@ClinGen\":\"https://www.ncbi.nlm.nih.gov/projects/dbvar/ISCA/isca_gene.cgi?sym=RET\",\"@last_evaluated\":\"2011-10-28\"}}","source":"submitted","relationship_type":"within single gene","gene_id":"5979","variation_id":"41839"}
20200817/gene_association//updated/000000000000:8595:{"content":"{\"Haploinsufficiency\":{\"$\":\"Sufficient evidence for dosage pathogenicity\",\"@ClinGen\":\"https://www.ncbi.nlm.nih.gov/projects/dbvar/ISCA/isca_gene.cgi?sym=RET\",\"@last_evaluated\":\"2011-10-28\"},\"Location\":{\"CytogeneticLocation\":{\"$\":\"10q11.21\"},\"SequenceLocation\":[{\"@Accession\":\"NC_000010.11\",\"@Assembly\":\"GRCh38\",\"@AssemblyAccessionVersion\":\"GCF_000001405.38\",\"@AssemblyStatus\":\"current\",\"@Chr\":\"10\",\"@Strand\":\"+\",\"@display_start\":\"43077027\",\"@display_stop\":\"43130351\",\"@start\":\"43077027\",\"@stop\":\"43130351\"},{\"@Accession\":\"NC_000010.10\",\"@Assembly\":\"GRCh37\",\"@AssemblyAccessionVersion\":\"GCF_000001405.25\",\"@AssemblyStatus\":\"previous\",\"@Chr\":\"10\",\"@Strand\":\"+\",\"@display_start\":\"43572516\",\"@display_stop\":\"43625798\",\"@start\":\"43572516\",\"@stop\":\"43625798\"}]},\"OMIM\":{\"$\":\"164761\"},\"Property\":[{\"$\":\"gene_acmg_incidental_2013\"},{\"$\":\"gene_acmg_incidental_2016\"}],\"Triplosensitivity\":{\"$\":\"No evidence available\",\"@ClinGen\":\"https://www.ncbi.nlm.nih.gov/projects/dbvar/ISCA/isca_gene.cgi?sym=RET\",\"@last_evaluated\":\"2011-10-28\"}}","source":"submitted","relationship_type":"within single gene","gene_id":"5979","variation_id":"24880"}
20200817/gene_association//updated/000000000000:8679:{"content":"{\"Haploinsufficiency\":{\"$\":\"Sufficient evidence for dosage pathogenicity\",\"@ClinGen\":\"https://www.ncbi.nlm.nih.gov/projects/dbvar/ISCA/isca_gene.cgi?sym=RET\",\"@last_evaluated\":\"2011-10-28\"},\"Location\":{\"CytogeneticLocation\":{\"$\":\"10q11.21\"},\"SequenceLocation\":[{\"@Accession\":\"NC_000010.11\",\"@Assembly\":\"GRCh38\",\"@AssemblyAccessionVersion\":\"GCF_000001405.38\",\"@AssemblyStatus\":\"current\",\"@Chr\":\"10\",\"@Strand\":\"+\",\"@display_start\":\"43077027\",\"@display_stop\":\"43130351\",\"@start\":\"43077027\",\"@stop\":\"43130351\"},{\"@Accession\":\"NC_000010.10\",\"@Assembly\":\"GRCh37\",\"@AssemblyAccessionVersion\":\"GCF_000001405.25\",\"@AssemblyStatus\":\"previous\",\"@Chr\":\"10\",\"@Strand\":\"+\",\"@display_start\":\"43572516\",\"@display_stop\":\"43625798\",\"@start\":\"43572516\",\"@stop\":\"43625798\"}]},\"OMIM\":{\"$\":\"164761\"},\"Property\":[{\"$\":\"gene_acmg_incidental_2013\"},{\"$\":\"gene_acmg_incidental_2016\"}],\"Triplosensitivity\":{\"$\":\"No evidence available\",\"@ClinGen\":\"https://www.ncbi.nlm.nih.gov/projects/dbvar/ISCA/isca_gene.cgi?sym=RET\",\"@last_evaluated\":\"2011-10-28\"}}","source":"submitted","relationship_type":"within single gene","gene_id":"5979","variation_id":"13909"}
20200824/gene_association//updated/000000000000:155:{"variation_id":"13938","content":"{\"Haploinsufficiency\":{\"$\":\"Sufficient evidence for dosage pathogenicity\",\"@ClinGen\":\"https://www.ncbi.nlm.nih.gov/projects/dbvar/ISCA/isca_gene.cgi?sym=RET\",\"@last_evaluated\":\"2011-10-28\"},\"Location\":{\"CytogeneticLocation\":{\"$\":\"10q11.21\"},\"SequenceLocation\":[{\"@Accession\":\"NC_000010.11\",\"@Assembly\":\"GRCh38\",\"@AssemblyAccessionVersion\":\"GCF_000001405.38\",\"@AssemblyStatus\":\"current\",\"@Chr\":\"10\",\"@Strand\":\"+\",\"@display_start\":\"43077069\",\"@display_stop\":\"43130351\",\"@start\":\"43077069\",\"@stop\":\"43130351\"},{\"@Accession\":\"NC_000010.10\",\"@Assembly\":\"GRCh37\",\"@AssemblyAccessionVersion\":\"GCF_000001405.25\",\"@AssemblyStatus\":\"previous\",\"@Chr\":\"10\",\"@Strand\":\"+\",\"@display_start\":\"43572516\",\"@display_stop\":\"43625798\",\"@start\":\"43572516\",\"@stop\":\"43625798\"}]},\"OMIM\":{\"$\":\"164761\"},\"Property\":[{\"$\":\"gene_acmg_incidental_2013\"},{\"$\":\"gene_acmg_incidental_2016\"}],\"Triplosensitivity\":{\"$\":\"No evidence available\",\"@ClinGen\":\"https://www.ncbi.nlm.nih.gov/projects/dbvar/ISCA/isca_gene.cgi?sym=RET\",\"@last_evaluated\":\"2011-10-28\"}}","gene_id":"5979","relationship_type":"within single gene","source":"submitted"}
20200824/gene_association//updated/000000000000:260:{"variation_id":"24880","content":"{\"Haploinsufficiency\":{\"$\":\"Sufficient evidence for dosage pathogenicity\",\"@ClinGen\":\"https://www.ncbi.nlm.nih.gov/projects/dbvar/ISCA/isca_gene.cgi?sym=RET\",\"@last_evaluated\":\"2011-10-28\"},\"Location\":{\"CytogeneticLocation\":{\"$\":\"10q11.21\"},\"SequenceLocation\":[{\"@Accession\":\"NC_000010.11\",\"@Assembly\":\"GRCh38\",\"@AssemblyAccessionVersion\":\"GCF_000001405.38\",\"@AssemblyStatus\":\"current\",\"@Chr\":\"10\",\"@Strand\":\"+\",\"@display_start\":\"43077069\",\"@display_stop\":\"43130351\",\"@start\":\"43077069\",\"@stop\":\"43130351\"},{\"@Accession\":\"NC_000010.10\",\"@Assembly\":\"GRCh37\",\"@AssemblyAccessionVersion\":\"GCF_000001405.25\",\"@AssemblyStatus\":\"previous\",\"@Chr\":\"10\",\"@Strand\":\"+\",\"@display_start\":\"43572516\",\"@display_stop\":\"43625798\",\"@start\":\"43572516\",\"@stop\":\"43625798\"}]},\"OMIM\":{\"$\":\"164761\"},\"Property\":[{\"$\":\"gene_acmg_incidental_2013\"},{\"$\":\"gene_acmg_incidental_2016\"}],\"Triplosensitivity\":{\"$\":\"No evidence available\",\"@ClinGen\":\"https://www.ncbi.nlm.nih.gov/projects/dbvar/ISCA/isca_gene.cgi?sym=RET\",\"@last_evaluated\":\"2011-10-28\"}}","gene_id":"5979","relationship_type":"within single gene","source":"submitted"}
20200824/gene_association//updated/000000000000:965:{"variation_id":"13909","content":"{\"Haploinsufficiency\":{\"$\":\"Sufficient evidence for dosage pathogenicity\",\"@ClinGen\":\"https://www.ncbi.nlm.nih.gov/projects/dbvar/ISCA/isca_gene.cgi?sym=RET\",\"@last_evaluated\":\"2011-10-28\"},\"Location\":{\"CytogeneticLocation\":{\"$\":\"10q11.21\"},\"SequenceLocation\":[{\"@Accession\":\"NC_000010.11\",\"@Assembly\":\"GRCh38\",\"@AssemblyAccessionVersion\":\"GCF_000001405.38\",\"@AssemblyStatus\":\"current\",\"@Chr\":\"10\",\"@Strand\":\"+\",\"@display_start\":\"43077069\",\"@display_stop\":\"43130351\",\"@start\":\"43077069\",\"@stop\":\"43130351\"},{\"@Accession\":\"NC_000010.10\",\"@Assembly\":\"GRCh37\",\"@AssemblyAccessionVersion\":\"GCF_000001405.25\",\"@AssemblyStatus\":\"previous\",\"@Chr\":\"10\",\"@Strand\":\"+\",\"@display_start\":\"43572516\",\"@display_stop\":\"43625798\",\"@start\":\"43572516\",\"@stop\":\"43625798\"}]},\"OMIM\":{\"$\":\"164761\"},\"Property\":[{\"$\":\"gene_acmg_incidental_2013\"},{\"$\":\"gene_acmg_incidental_2016\"}],\"Triplosensitivity\":{\"$\":\"No evidence available\",\"@ClinGen\":\"https://www.ncbi.nlm.nih.gov/projects/dbvar/ISCA/isca_gene.cgi?sym=RET\",\"@last_evaluated\":\"2011-10-28\"}}","gene_id":"5979","relationship_type":"within single gene","source":"submitted"}
20200824/gene_association//updated/000000000000:1430:{"variation_id":"41839","content":"{\"Haploinsufficiency\":{\"$\":\"Sufficient evidence for dosage pathogenicity\",\"@ClinGen\":\"https://www.ncbi.nlm.nih.gov/projects/dbvar/ISCA/isca_gene.cgi?sym=RET\",\"@last_evaluated\":\"2011-10-28\"},\"Location\":{\"CytogeneticLocation\":{\"$\":\"10q11.21\"},\"SequenceLocation\":[{\"@Accession\":\"NC_000010.11\",\"@Assembly\":\"GRCh38\",\"@AssemblyAccessionVersion\":\"GCF_000001405.38\",\"@AssemblyStatus\":\"current\",\"@Chr\":\"10\",\"@Strand\":\"+\",\"@display_start\":\"43077069\",\"@display_stop\":\"43130351\",\"@start\":\"43077069\",\"@stop\":\"43130351\"},{\"@Accession\":\"NC_000010.10\",\"@Assembly\":\"GRCh37\",\"@AssemblyAccessionVersion\":\"GCF_000001405.25\",\"@AssemblyStatus\":\"previous\",\"@Chr\":\"10\",\"@Strand\":\"+\",\"@display_start\":\"43572516\",\"@display_stop\":\"43625798\",\"@start\":\"43572516\",\"@stop\":\"43625798\"}]},\"OMIM\":{\"$\":\"164761\"},\"Property\":[{\"$\":\"gene_acmg_incidental_2013\"},{\"$\":\"gene_acmg_incidental_2016\"}],\"Triplosensitivity\":{\"$\":\"No evidence available\",\"@ClinGen\":\"https://www.ncbi.nlm.nih.gov/projects/dbvar/ISCA/isca_gene.cgi?sym=RET\",\"@last_evaluated\":\"2011-10-28\"}}","gene_id":"5979","relationship_type":"within single gene","source":"submitted"}
20200830/gene_association//updated/000000000000:24:{"relationship_type":"within single gene","gene_id":"5979","variation_id":"13909","content":"{\"Haploinsufficiency\":{\"$\":\"Sufficient evidence for dosage pathogenicity\",\"@ClinGen\":\"https://www.ncbi.nlm.nih.gov/projects/dbvar/ISCA/isca_gene.cgi?sym=RET\",\"@last_evaluated\":\"2020-08-26\"},\"Location\":{\"CytogeneticLocation\":{\"$\":\"10q11.21\"},\"SequenceLocation\":[{\"@Accession\":\"NC_000010.11\",\"@Assembly\":\"GRCh38\",\"@AssemblyAccessionVersion\":\"GCF_000001405.38\",\"@AssemblyStatus\":\"current\",\"@Chr\":\"10\",\"@Strand\":\"+\",\"@display_start\":\"43077069\",\"@display_stop\":\"43130351\",\"@start\":\"43077069\",\"@stop\":\"43130351\"},{\"@Accession\":\"NC_000010.10\",\"@Assembly\":\"GRCh37\",\"@AssemblyAccessionVersion\":\"GCF_000001405.25\",\"@AssemblyStatus\":\"previous\",\"@Chr\":\"10\",\"@Strand\":\"+\",\"@display_start\":\"43572516\",\"@display_stop\":\"43625798\",\"@start\":\"43572516\",\"@stop\":\"43625798\"}]},\"OMIM\":{\"$\":\"164761\"},\"Property\":[{\"$\":\"gene_acmg_incidental_2013\"},{\"$\":\"gene_acmg_incidental_2016\"}],\"Triplosensitivity\":{\"$\":\"No evidence available\",\"@ClinGen\":\"https://www.ncbi.nlm.nih.gov/projects/dbvar/ISCA/isca_gene.cgi?sym=RET\",\"@last_evaluated\":\"2020-08-26\"}}","source":"submitted"}
20200830/gene_association//updated/000000000000:35:{"relationship_type":"within single gene","gene_id":"5979","variation_id":"24880","content":"{\"Haploinsufficiency\":{\"$\":\"Sufficient evidence for dosage pathogenicity\",\"@ClinGen\":\"https://www.ncbi.nlm.nih.gov/projects/dbvar/ISCA/isca_gene.cgi?sym=RET\",\"@last_evaluated\":\"2020-08-26\"},\"Location\":{\"CytogeneticLocation\":{\"$\":\"10q11.21\"},\"SequenceLocation\":[{\"@Accession\":\"NC_000010.11\",\"@Assembly\":\"GRCh38\",\"@AssemblyAccessionVersion\":\"GCF_000001405.38\",\"@AssemblyStatus\":\"current\",\"@Chr\":\"10\",\"@Strand\":\"+\",\"@display_start\":\"43077069\",\"@display_stop\":\"43130351\",\"@start\":\"43077069\",\"@stop\":\"43130351\"},{\"@Accession\":\"NC_000010.10\",\"@Assembly\":\"GRCh37\",\"@AssemblyAccessionVersion\":\"GCF_000001405.25\",\"@AssemblyStatus\":\"previous\",\"@Chr\":\"10\",\"@Strand\":\"+\",\"@display_start\":\"43572516\",\"@display_stop\":\"43625798\",\"@start\":\"43572516\",\"@stop\":\"43625798\"}]},\"OMIM\":{\"$\":\"164761\"},\"Property\":[{\"$\":\"gene_acmg_incidental_2013\"},{\"$\":\"gene_acmg_incidental_2016\"}],\"Triplosensitivity\":{\"$\":\"No evidence available\",\"@ClinGen\":\"https://www.ncbi.nlm.nih.gov/projects/dbvar/ISCA/isca_gene.cgi?sym=RET\",\"@last_evaluated\":\"2020-08-26\"}}","source":"submitted"}
20200830/gene_association//updated/000000000000:58:{"relationship_type":"within single gene","gene_id":"5979","variation_id":"13938","content":"{\"Haploinsufficiency\":{\"$\":\"Sufficient evidence for dosage pathogenicity\",\"@ClinGen\":\"https://www.ncbi.nlm.nih.gov/projects/dbvar/ISCA/isca_gene.cgi?sym=RET\",\"@last_evaluated\":\"2020-08-26\"},\"Location\":{\"CytogeneticLocation\":{\"$\":\"10q11.21\"},\"SequenceLocation\":[{\"@Accession\":\"NC_000010.11\",\"@Assembly\":\"GRCh38\",\"@AssemblyAccessionVersion\":\"GCF_000001405.38\",\"@AssemblyStatus\":\"current\",\"@Chr\":\"10\",\"@Strand\":\"+\",\"@display_start\":\"43077069\",\"@display_stop\":\"43130351\",\"@start\":\"43077069\",\"@stop\":\"43130351\"},{\"@Accession\":\"NC_000010.10\",\"@Assembly\":\"GRCh37\",\"@AssemblyAccessionVersion\":\"GCF_000001405.25\",\"@AssemblyStatus\":\"previous\",\"@Chr\":\"10\",\"@Strand\":\"+\",\"@display_start\":\"43572516\",\"@display_stop\":\"43625798\",\"@start\":\"43572516\",\"@stop\":\"43625798\"}]},\"OMIM\":{\"$\":\"164761\"},\"Property\":[{\"$\":\"gene_acmg_incidental_2013\"},{\"$\":\"gene_acmg_incidental_2016\"}],\"Triplosensitivity\":{\"$\":\"No evidence available\",\"@ClinGen\":\"https://www.ncbi.nlm.nih.gov/projects/dbvar/ISCA/isca_gene.cgi?sym=RET\",\"@last_evaluated\":\"2020-08-26\"}}","source":"submitted"}
20200830/gene_association//updated/000000000000:64:{"relationship_type":"within single gene","gene_id":"5979","variation_id":"41839","content":"{\"Haploinsufficiency\":{\"$\":\"Sufficient evidence for dosage pathogenicity\",\"@ClinGen\":\"https://www.ncbi.nlm.nih.gov/projects/dbvar/ISCA/isca_gene.cgi?sym=RET\",\"@last_evaluated\":\"2020-08-26\"},\"Location\":{\"CytogeneticLocation\":{\"$\":\"10q11.21\"},\"SequenceLocation\":[{\"@Accession\":\"NC_000010.11\",\"@Assembly\":\"GRCh38\",\"@AssemblyAccessionVersion\":\"GCF_000001405.38\",\"@AssemblyStatus\":\"current\",\"@Chr\":\"10\",\"@Strand\":\"+\",\"@display_start\":\"43077069\",\"@display_stop\":\"43130351\",\"@start\":\"43077069\",\"@stop\":\"43130351\"},{\"@Accession\":\"NC_000010.10\",\"@Assembly\":\"GRCh37\",\"@AssemblyAccessionVersion\":\"GCF_000001405.25\",\"@AssemblyStatus\":\"previous\",\"@Chr\":\"10\",\"@Strand\":\"+\",\"@display_start\":\"43572516\",\"@display_stop\":\"43625798\",\"@start\":\"43572516\",\"@stop\":\"43625798\"}]},\"OMIM\":{\"$\":\"164761\"},\"Property\":[{\"$\":\"gene_acmg_incidental_2013\"},{\"$\":\"gene_acmg_incidental_2016\"}],\"Triplosensitivity\":{\"$\":\"No evidence available\",\"@ClinGen\":\"https://www.ncbi.nlm.nih.gov/projects/dbvar/ISCA/isca_gene.cgi?sym=RET\",\"@last_evaluated\":\"2020-08-26\"}}","source":"submitted"}
