20190701/rcv_accession//created/000000000000:368897:{"variation_id":"549768","id":"RCV000664336","variation_archive_id":"VCV000549768","date_last_evaluated":"2018-05-04","version":"1","title":"NM_020975.4:c.[1901G\u003eA];[200G\u003eA;874G\u003eA;2944C\u003eT] AND Multiple endocrine neoplasia, type 2","submission_count":"1","trait_set_id":"8702","review_status":"no assertion criteria provided","interpretation":"Pathogenic"}
