20190701/trait_mapping//created/000000000000:215154:{"trait_type":"Disease","mapping_value":"CN073359","mapping_type":"XRef","medgen_name":"Multiple endocrine neoplasia, type 2","mapping_ref":"MedGen","medgen_id":"C4048306","clinical_assertion_id":"SCV000788260"}
