20190701/variation_archive//created/000000000000:80192:{"interp_content":"{\"@NumberOfSubmissions\":\"1\",\"@NumberOfSubmitters\":\"1\",\"Citation\":{\"@Type\":\"general\",\"ID\":{\"$\":\"21655256\",\"@Source\":\"PubMed\"}}}","date_created":"2018-07-27","record_status":"current","variation_id":"549768","interp_description":"Pathogenic","species":"Homo sapiens","id":"VCV000549768","interp_type":"Clinical significance","interp_date_last_evaluated":"2018-05-04","version":"1","num_submitters":"1","date_last_updated":"2019-06-26","num_submissions":"1","review_status":"no assertion criteria provided"}
20190902/variation_archive//updated/000000000000:79998:{"interp_content":"{\"@NumberOfSubmissions\":\"1\",\"@NumberOfSubmitters\":\"1\",\"Citation\":{\"@Type\":\"general\",\"ID\":{\"$\":\"21655256\",\"@Source\":\"PubMed\"}}}","date_created":"2018-07-27","interp_type":"Clinical significance","variation_id":"549768","id":"VCV000549768","species":"Homo sapiens","version":"1","date_last_updated":"2019-08-31","num_submissions":"1","record_status":"current","interp_date_last_evaluated":"2018-05-04","num_submitters":"1","interp_description":"Pathogenic","review_status":"no assertion criteria provided"}
20191001/variation_archive//updated/000000000000:31430:{"num_submitters":"1","interp_type":"Clinical significance","species":"Homo sapiens","interp_content":"{\"@NumberOfSubmissions\":\"1\",\"@NumberOfSubmitters\":\"1\",\"Citation\":{\"@Type\":\"general\",\"ID\":{\"$\":\"21655256\",\"@Source\":\"PubMed\"}}}","num_submissions":"1","interp_date_last_evaluated":"2018-05-04","id":"VCV000549768","version":"1","variation_id":"549768","review_status":"no assertion criteria provided","date_created":"2018-07-27","interp_description":"Pathogenic","date_last_updated":"2019-09-30","record_status":"current"}
20191105/variation_archive//updated/000000000000:77388:{"interp_content":"{\"@NumberOfSubmissions\":\"1\",\"@NumberOfSubmitters\":\"1\",\"Citation\":{\"@Type\":\"general\",\"ID\":{\"$\":\"21655256\",\"@Source\":\"PubMed\"}}}","interp_date_last_evaluated":"2018-05-04","record_status":"current","version":"1","review_status":"no assertion criteria provided","date_last_updated":"2019-10-27","date_created":"2018-07-27","num_submitters":"1","species":"Homo sapiens","num_submissions":"1","id":"VCV000549768","variation_id":"549768","interp_type":"Clinical significance","interp_description":"Pathogenic"}
20191231/variation_archive//updated/000000000000:32028:{"species":"Homo sapiens","review_status":"no assertion criteria provided","interp_date_last_evaluated":"2018-05-04","record_status":"current","interp_type":"Clinical significance","date_created":"2018-07-27","interp_content":"{\"@NumberOfSubmissions\":\"1\",\"@NumberOfSubmitters\":\"1\",\"Citation\":{\"@Type\":\"general\",\"ID\":{\"$\":\"21655256\",\"@Source\":\"PubMed\"}}}","num_submitters":"1","version":"1","num_submissions":"1","variation_id":"549768","interp_description":"Pathogenic","date_last_updated":"2019-12-23","id":"VCV000549768"}
20200203/variation_archive//updated/000000000000:59334:{"interp_type":"Clinical significance","interp_content":"{\"@NumberOfSubmissions\":\"1\",\"@NumberOfSubmitters\":\"1\",\"Citation\":{\"@Type\":\"general\",\"ID\":{\"$\":\"21655256\",\"@Source\":\"PubMed\"}}}","id":"VCV000549768","num_submissions":"1","date_last_updated":"2020-02-02","variation_id":"549768","version":"1","interp_date_last_evaluated":"2018-05-04","species":"Homo sapiens","record_status":"current","num_submitters":"1","review_status":"no assertion criteria provided","date_created":"2018-07-27","interp_description":"Pathogenic"}
20200302/variation_archive//updated/000000000000:14742:{"interp_content":"{\"@NumberOfSubmissions\":\"1\",\"@NumberOfSubmitters\":\"1\",\"Citation\":{\"@Type\":\"general\",\"ID\":{\"$\":\"21655256\",\"@Source\":\"PubMed\"}}}","interp_type":"Clinical significance","species":"Homo sapiens","interp_description":"Pathogenic","version":"1","variation_id":"549768","id":"VCV000549768","num_submitters":"1","review_status":"no assertion criteria provided","record_status":"current","interp_date_last_evaluated":"2018-05-04","date_last_updated":"2020-03-01","num_submissions":"1","date_created":"2018-07-27"}
20200330/variation_archive//updated/000000000000:31796:{"record_status":"current","review_status":"no assertion criteria provided","interp_content":"{\"@NumberOfSubmissions\":\"1\",\"@NumberOfSubmitters\":\"1\",\"Citation\":{\"@Type\":\"general\",\"ID\":{\"$\":\"21655256\",\"@Source\":\"PubMed\"}}}","interp_description":"Pathogenic","interp_date_last_evaluated":"2018-05-04","version":"1","variation_id":"549768","id":"VCV000549768","date_last_updated":"2020-03-29","species":"Homo sapiens","interp_type":"Clinical significance","num_submitters":"1","date_created":"2018-07-27","num_submissions":"1"}
20200506/variation_archive//updated/000000000000:104790:{"num_submitters":"1","review_status":"no assertion criteria provided","species":"Homo sapiens","record_status":"current","version":"1","interp_content":"{\"@NumberOfSubmissions\":\"1\",\"@NumberOfSubmitters\":\"1\",\"Citation\":{\"@Type\":\"general\",\"ID\":{\"$\":\"21655256\",\"@Source\":\"PubMed\"}}}","date_last_updated":"2020-05-03","num_submissions":"1","id":"VCV000549768","interp_description":"Pathogenic","date_created":"2018-07-27","variation_id":"549768","interp_type":"Clinical significance","interp_date_last_evaluated":"2018-05-04"}
20200602/variation_archive//updated/000000000000:38308:{"id":"VCV000549768","date_created":"2018-07-27","species":"Homo sapiens","interp_date_last_evaluated":"2018-05-04","num_submitters":"1","num_submissions":"1","review_status":"no assertion criteria provided","version":"1","variation_id":"549768","interp_type":"Clinical significance","record_status":"current","interp_description":"Pathogenic","date_last_updated":"2020-05-31","interp_content":"{\"@NumberOfSubmissions\":\"1\",\"@NumberOfSubmitters\":\"1\",\"Citation\":{\"@Type\":\"general\",\"ID\":{\"$\":\"21655256\",\"@Source\":\"PubMed\"}}}"}
20200609/variation_archive//updated/000000000000:16282:{"interp_description":"Pathogenic","interp_type":"Clinical significance","species":"Homo sapiens","version":"1","review_status":"no assertion criteria provided","date_created":"2018-07-27","record_status":"current","interp_date_last_evaluated":"2018-05-04","num_submitters":"1","num_submissions":"1","interp_content":"{\"@NumberOfSubmissions\":\"1\",\"@NumberOfSubmitters\":\"1\",\"Citation\":{\"@Type\":\"general\",\"ID\":{\"$\":\"21655256\",\"@Source\":\"PubMed\"}}}","date_last_updated":"2020-06-08","variation_id":"549768","id":"VCV000549768"}
20200615/variation_archive//updated/000000000000:11048:{"review_status":"no assertion criteria provided","num_submissions":"1","record_status":"current","interp_type":"Clinical significance","interp_description":"Pathogenic","interp_date_last_evaluated":"2018-05-04","date_last_updated":"2020-06-15","version":"1","species":"Homo sapiens","variation_id":"549768","interp_content":"{\"@NumberOfSubmissions\":\"1\",\"@NumberOfSubmitters\":\"1\",\"Citation\":{\"@Type\":\"general\",\"ID\":{\"$\":\"21655256\",\"@Source\":\"PubMed\"}}}","date_created":"2018-07-27","id":"VCV000549768","num_submitters":"1"}
20200622/variation_archive//updated/000000000000:9238:{"variation_id":"549768","num_submissions":"1","id":"VCV000549768","interp_type":"Clinical significance","review_status":"no assertion criteria provided","date_created":"2018-07-27","date_last_updated":"2020-06-22","version":"1","num_submitters":"1","species":"Homo sapiens","record_status":"current","interp_content":"{\"@NumberOfSubmissions\":\"1\",\"@NumberOfSubmitters\":\"1\",\"Citation\":{\"@Type\":\"general\",\"ID\":{\"$\":\"21655256\",\"@Source\":\"PubMed\"}}}","interp_description":"Pathogenic","interp_date_last_evaluated":"2018-05-04"}
20200629/variation_archive//updated/000000000000:222055:{"interp_content":"{\"@NumberOfSubmissions\":\"1\",\"@NumberOfSubmitters\":\"1\",\"Citation\":{\"@Type\":\"general\",\"ID\":{\"$\":\"21655256\",\"@Source\":\"PubMed\"}}}","date_created":"2018-07-27","interp_date_last_evaluated":"2018-05-04","variation_id":"549768","num_submitters":"1","date_last_updated":"2020-06-29","version":"1","species":"Homo sapiens","id":"VCV000549768","record_status":"current","num_submissions":"1","review_status":"no assertion criteria provided","interp_type":"Clinical significance","interp_description":"Pathogenic"}
20200706/variation_archive//updated/000000000000:12967:{"variation_id":"549768","date_created":"2018-07-27","date_last_updated":"2020-07-06","interp_description":"Pathogenic","id":"VCV000549768","review_status":"no assertion criteria provided","interp_type":"Clinical significance","num_submissions":"1","interp_content":"{\"@NumberOfSubmissions\":\"1\",\"@NumberOfSubmitters\":\"1\",\"Citation\":{\"@Type\":\"general\",\"ID\":{\"$\":\"21655256\",\"@Source\":\"PubMed\"}}}","version":"1","interp_date_last_evaluated":"2018-05-04","num_submitters":"1","record_status":"current","species":"Homo sapiens"}
20200717/variation_archive//updated/000000000000:16639:{"date_created":"2018-07-27","review_status":"no assertion criteria provided","interp_type":"Clinical significance","interp_date_last_evaluated":"2018-05-04","num_submitters":"1","date_last_updated":"2020-07-15","id":"VCV000549768","num_submissions":"1","version":"1","variation_id":"549768","species":"Homo sapiens","interp_content":"{\"@NumberOfSubmissions\":\"1\",\"@NumberOfSubmitters\":\"1\",\"Citation\":{\"@Type\":\"general\",\"ID\":{\"$\":\"21655256\",\"@Source\":\"PubMed\"}}}","interp_description":"Pathogenic","record_status":"current"}
20200720/variation_archive//updated/000000000000:45908:{"num_submitters":"1","interp_description":"Pathogenic","species":"Homo sapiens","variation_id":"549768","version":"1","interp_type":"Clinical significance","num_submissions":"1","review_status":"no assertion criteria provided","date_created":"2018-07-27","record_status":"current","interp_content":"{\"@NumberOfSubmissions\":\"1\",\"@NumberOfSubmitters\":\"1\",\"Citation\":{\"@Type\":\"general\",\"ID\":{\"$\":\"21655256\",\"@Source\":\"PubMed\"}}}","interp_date_last_evaluated":"2018-05-04","date_last_updated":"2020-07-19","id":"VCV000549768"}
20200728/variation_archive//updated/000000000000:156787:{"version":"1","interp_date_last_evaluated":"2018-05-04","interp_content":"{\"@NumberOfSubmissions\":\"1\",\"@NumberOfSubmitters\":\"1\",\"Citation\":{\"@Type\":\"general\",\"ID\":{\"$\":\"21655256\",\"@Source\":\"PubMed\"}}}","id":"VCV000549768","date_created":"2018-07-27","date_last_updated":"2020-07-27","interp_type":"Clinical significance","record_status":"current","interp_description":"Pathogenic","num_submitters":"1","num_submissions":"1","review_status":"no assertion criteria provided","variation_id":"549768","species":"Homo sapiens"}
20200803/variation_archive//updated/000000000000:8057:{"species":"Homo sapiens","num_submitters":"1","variation_id":"549768","date_created":"2018-07-27","interp_description":"Pathogenic","id":"VCV000549768","interp_type":"Clinical significance","record_status":"current","interp_content":"{\"@NumberOfSubmissions\":\"1\",\"@NumberOfSubmitters\":\"1\",\"Citation\":{\"@Type\":\"general\",\"ID\":{\"$\":\"21655256\",\"@Source\":\"PubMed\"}}}","interp_date_last_evaluated":"2018-05-04","version":"1","num_submissions":"1","review_status":"no assertion criteria provided","date_last_updated":"2020-08-03"}
20200810/variation_archive//updated/000000000000:16572:{"interp_description":"Pathogenic","interp_type":"Clinical significance","record_status":"current","variation_id":"549768","review_status":"no assertion criteria provided","interp_content":"{\"@NumberOfSubmissions\":\"1\",\"@NumberOfSubmitters\":\"1\",\"Citation\":{\"@Type\":\"general\",\"ID\":{\"$\":\"21655256\",\"@Source\":\"PubMed\"}}}","version":"1","num_submitters":"1","interp_date_last_evaluated":"2018-05-04","date_created":"2018-07-27","species":"Homo sapiens","num_submissions":"1","date_last_updated":"2020-08-10","id":"VCV000549768"}
20200817/variation_archive//updated/000000000000:34963:{"record_status":"current","date_created":"2018-07-27","interp_type":"Clinical significance","num_submissions":"1","num_submitters":"1","species":"Homo sapiens","review_status":"no assertion criteria provided","date_last_updated":"2020-08-17","interp_date_last_evaluated":"2018-05-04","version":"1","interp_description":"Pathogenic","id":"VCV000549768","interp_content":"{\"@NumberOfSubmissions\":\"1\",\"@NumberOfSubmitters\":\"1\",\"Citation\":{\"@Type\":\"general\",\"ID\":{\"$\":\"21655256\",\"@Source\":\"PubMed\"}}}","variation_id":"549768"}
20200824/variation_archive//updated/000000000000:129622:{"date_created":"2018-07-27","interp_content":"{\"@NumberOfSubmissions\":\"1\",\"@NumberOfSubmitters\":\"1\",\"Citation\":{\"@Type\":\"general\",\"ID\":{\"$\":\"21655256\",\"@Source\":\"PubMed\"}}}","version":"1","record_status":"current","date_last_updated":"2020-08-24","num_submissions":"1","review_status":"no assertion criteria provided","interp_type":"Clinical significance","interp_description":"Pathogenic","id":"VCV000549768","interp_date_last_evaluated":"2018-05-04","num_submitters":"1","species":"Homo sapiens","variation_id":"549768"}
20200830/variation_archive//updated/000000000000:9027:{"variation_id":"549768","id":"VCV000549768","species":"Homo sapiens","num_submissions":"1","record_status":"current","review_status":"no assertion criteria provided","interp_date_last_evaluated":"2018-05-04","interp_type":"Clinical significance","date_created":"2018-07-27","interp_description":"Pathogenic","num_submitters":"1","date_last_updated":"2020-08-29","interp_content":"{\"@NumberOfSubmissions\":\"1\",\"@NumberOfSubmitters\":\"1\",\"Citation\":{\"@Type\":\"general\",\"ID\":{\"$\":\"21655256\",\"@Source\":\"PubMed\"}}}","version":"1"}
20200905/variation_archive//updated/000000000000:14471:{"num_submitters":"1","variation_id":"549768","record_status":"current","species":"Homo sapiens","interp_type":"Clinical significance","date_last_updated":"2020-09-05","num_submissions":"1","review_status":"no assertion criteria provided","version":"1","id":"VCV000549768","interp_content":"{\"@NumberOfSubmissions\":\"1\",\"@NumberOfSubmitters\":\"1\",\"Citation\":{\"@Type\":\"general\",\"ID\":{\"$\":\"21655256\",\"@Source\":\"PubMed\"}}}","interp_description":"Pathogenic","interp_date_last_evaluated":"2018-05-04","date_created":"2018-07-27"}
20200914/variation_archive//updated/000000000000:4358:{"num_submitters":"1","version":"1","interp_content":"{\"@NumberOfSubmissions\":\"1\",\"@NumberOfSubmitters\":\"1\",\"Citation\":{\"@Type\":\"general\",\"ID\":{\"$\":\"21655256\",\"@Source\":\"PubMed\"}}}","interp_type":"Clinical significance","interp_description":"Pathogenic","num_submissions":"1","variation_id":"549768","interp_date_last_evaluated":"2018-05-04","date_last_updated":"2020-09-14","date_created":"2018-07-27","id":"VCV000549768","record_status":"current","review_status":"no assertion criteria provided","species":"Homo sapiens"}
20200920/variation_archive//updated/000000000000:19184:{"review_status":"no assertion criteria provided","variation_id":"549768","interp_date_last_evaluated":"2018-05-04","id":"VCV000549768","interp_content":"{\"@NumberOfSubmissions\":\"1\",\"@NumberOfSubmitters\":\"1\",\"Citation\":{\"@Type\":\"general\",\"ID\":{\"$\":\"21655256\",\"@Source\":\"PubMed\"}}}","num_submitters":"1","num_submissions":"1","date_created":"2018-07-27","interp_type":"Clinical significance","interp_description":"Pathogenic","version":"1","species":"Homo sapiens","date_last_updated":"2020-09-19","record_status":"current"}
20200928/variation_archive//updated/000000000000:16447:{"record_status":"current","variation_id":"549768","date_last_updated":"2020-09-26","species":"Homo sapiens","num_submitters":"1","review_status":"no assertion criteria provided","date_created":"2018-07-27","interp_description":"Pathogenic","version":"1","interp_date_last_evaluated":"2018-05-04","num_submissions":"1","interp_type":"Clinical significance","id":"VCV000549768","interp_content":"{\"@NumberOfSubmissions\":\"1\",\"@NumberOfSubmitters\":\"1\",\"Citation\":{\"@Type\":\"general\",\"ID\":{\"$\":\"21655256\",\"@Source\":\"PubMed\"}}}"}
20201003/variation_archive//updated/000000000000:13989:{"interp_type":"Clinical significance","num_submissions":"1","id":"VCV000549768","species":"Homo sapiens","num_submitters":"1","interp_date_last_evaluated":"2018-05-04","version":"1","variation_id":"549768","review_status":"no assertion criteria provided","interp_description":"Pathogenic","date_created":"2018-07-27","date_last_updated":"2020-10-03","record_status":"current","interp_content":"{\"@NumberOfSubmissions\":\"1\",\"@NumberOfSubmitters\":\"1\",\"Citation\":{\"@Type\":\"general\",\"ID\":{\"$\":\"21655256\",\"@Source\":\"PubMed\"}}}"}
20201010/variation_archive//updated/000000000000:11311:{"interp_content":"{\"@NumberOfSubmissions\":\"1\",\"@NumberOfSubmitters\":\"1\",\"Citation\":{\"@Type\":\"general\",\"ID\":{\"$\":\"21655256\",\"@Source\":\"PubMed\"}}}","species":"Homo sapiens","variation_id":"549768","num_submitters":"1","interp_date_last_evaluated":"2018-05-04","date_created":"2018-07-27","id":"VCV000549768","record_status":"current","interp_description":"Pathogenic","num_submissions":"1","version":"1","interp_type":"Clinical significance","review_status":"no assertion criteria provided","date_last_updated":"2020-10-10"}
20201021T183528/variation_archive//updated/000000000000:16306:{"version":"1","record_status":"current","num_submissions":"1","variation_id":"549768","interp_type":"Clinical significance","species":"Homo sapiens","review_status":"no assertion criteria provided","date_created":"2018-07-27","interp_date_last_evaluated":"2018-05-04","interp_content":"{\"@NumberOfSubmissions\":\"1\",\"@NumberOfSubmitters\":\"1\",\"Citation\":{\"@Type\":\"general\",\"ID\":{\"$\":\"21655256\",\"@Source\":\"PubMed\"}}}","num_submitters":"1","id":"VCV000549768","interp_description":"Pathogenic","date_last_updated":"2020-10-14"}
20201130T180000/variation_archive//updated/000000000000:23207:{"num_submissions":"1","interp_description":"Pathogenic","variation_id":"549768","version":"1","interp_content":"{\"@NumberOfSubmissions\":\"1\",\"@NumberOfSubmitters\":\"1\",\"Citation\":{\"@Type\":\"general\",\"ID\":{\"$\":\"21655256\",\"@Source\":\"PubMed\"}}}","record_status":"current","date_created":"2018-07-27","num_submitters":"1","species":"Homo sapiens","review_status":"no assertion criteria provided","date_last_updated":"2020-11-28","interp_date_last_evaluated":"2018-05-04","id":"VCV000549768","interp_type":"Clinical significance"}
20201209T180000/variation_archive//updated/000000000000:17100:{"num_submitters":"1","record_status":"current","species":"Homo sapiens","id":"VCV000549768","version":"1","review_status":"no assertion criteria provided","date_last_updated":"2020-12-07","date_created":"2018-07-27","interp_type":"Clinical significance","interp_content":"{\"@NumberOfSubmissions\":\"1\",\"@NumberOfSubmitters\":\"1\",\"Citation\":{\"@Type\":\"general\",\"ID\":{\"$\":\"21655256\",\"@Source\":\"PubMed\"}}}","interp_description":"Pathogenic","interp_date_last_evaluated":"2018-05-04","num_submissions":"1","variation_id":"549768"}
20201215T180000/variation_archive//updated/000000000000:7304:{"interp_date_last_evaluated":"2018-05-04","review_status":"no assertion criteria provided","num_submissions":"1","interp_content":"{\"@NumberOfSubmissions\":\"1\",\"@NumberOfSubmitters\":\"1\",\"Citation\":{\"@Type\":\"general\",\"ID\":{\"$\":\"21655256\",\"@Source\":\"PubMed\"}}}","num_submitters":"1","species":"Homo sapiens","interp_type":"Clinical significance","interp_description":"Pathogenic","date_created":"2018-07-27","date_last_updated":"2020-12-12","version":"1","variation_id":"549768","id":"VCV000549768","record_status":"current"}
20201227T180000/variation_archive//updated/000000000000:2955:{"date_created":"2018-07-27","num_submitters":"1","species":"Homo sapiens","interp_type":"Clinical significance","variation_id":"549768","id":"VCV000549768","interp_description":"Pathogenic","interp_date_last_evaluated":"2018-05-04","review_status":"no assertion criteria provided","record_status":"current","interp_content":"{\"@NumberOfSubmissions\":\"1\",\"@NumberOfSubmitters\":\"1\",\"Citation\":{\"@Type\":\"general\",\"ID\":{\"$\":\"21655256\",\"@Source\":\"PubMed\"}}}","version":"1","num_submissions":"1","date_last_updated":"2020-12-26"}
20210105T180000/variation_archive//updated/000000000000:8954:{"interp_content":"{\"@NumberOfSubmissions\":\"1\",\"@NumberOfSubmitters\":\"1\",\"Citation\":{\"@Type\":\"general\",\"ID\":{\"$\":\"21655256\",\"@Source\":\"PubMed\"}}}","interp_date_last_evaluated":"2018-05-04","date_last_updated":"2021-01-02","variation_id":"549768","interp_type":"Clinical significance","date_created":"2018-07-27","version":"1","num_submitters":"1","species":"Homo sapiens","num_submissions":"1","interp_description":"Pathogenic","record_status":"current","id":"VCV000549768","review_status":"no assertion criteria provided"}
20210111T180000/variation_archive//updated/000000000000:27409:{"interp_content":"{\"@NumberOfSubmissions\":\"1\",\"@NumberOfSubmitters\":\"1\",\"Citation\":{\"@Type\":\"general\",\"ID\":{\"$\":\"21655256\",\"@Source\":\"PubMed\"}}}","record_status":"current","interp_description":"Pathogenic","species":"Homo sapiens","interp_type":"Clinical significance","date_last_updated":"2021-01-08","review_status":"no assertion criteria provided","interp_date_last_evaluated":"2018-05-04","version":"1","num_submissions":"1","variation_id":"549768","num_submitters":"1","id":"VCV000549768","date_created":"2018-07-27"}
