20190701/clinical_assertion_observation//created/000000000000:235743:{"id":"SCV000110530.0","content":"{\"Method\":{\"MethodType\":{\"$\":\"clinical testing\"}},\"ObservedData\":[{\"Attribute\":{\"@Type\":\"VariantAlleles\",\"@integerValue\":\"4\"}},{\"Attribute\":{\"@Type\":\"SingleHeterozygote\",\"@integerValue\":\"4\"}}],\"Sample\":{\"AffectedStatus\":{\"$\":\"unknown\"},\"Gender\":{\"$\":\"mixed\"},\"Origin\":{\"$\":\"germline\"},\"Species\":{\"$\":\"human\",\"@TaxonomyId\":\"9606\"}}}"}
20190701/clinical_assertion_observation//created/000000000000:274436:{"id":"SCV000599010.0","content":"{\"Method\":{\"MethodType\":{\"$\":\"research\"},\"TypePlatform\":{\"$\":\"Whole Genome Sequencing\"}},\"ObservedData\":[{\"Attribute\":{\"@Type\":\"VariantAlleles\",\"@integerValue\":\"1\"}},{\"Attribute\":{\"$\":\"G005226\",\"@Type\":\"SampleLocalID\"}}],\"Sample\":{\"AffectedStatus\":{\"$\":\"yes\"},\"Ethnicity\":{\"$\":\"European\"},\"Gender\":{\"$\":\"male\"},\"NumberTested\":{\"$\":\"1\"},\"Origin\":{\"$\":\"unknown\"},\"Species\":{\"$\":\"human\",\"@TaxonomyId\":\"9606\"}}}"}
20190701/clinical_assertion_observation//created/000000000000:291111:{"id":"SCV000028543.0","content":"{\"Method\":{\"MethodType\":{\"$\":\"literature only\"}},\"ObservedData\":{\"Attribute\":{\"$\":\"In 2 families with Stargardt disease (STGD1; 248200), Allikmets et al. (1997) found a G-to-C transversion at nucleotide 6034 of the ABCR gene, predicted to result in a val2012-to-leu (V2012L) amino acid substitution in the protein product. In a correction to the numbering system, Allikmets et al. (1997) indicated that this mutation, originally designated V2012L, should be designated V2050L.\",\"@Type\":\"Description\"},\"Citation\":{\"ID\":{\"$\":\"10880298\",\"@Source\":\"PubMed\"}},\"XRef\":{\"@DB\":\"OMIM\",\"@ID\":\"248200\",\"@Type\":\"MIM\"}},\"Sample\":{\"AffectedStatus\":{\"$\":\"not provided\"},\"Origin\":{\"$\":\"germline\"},\"Species\":{\"$\":\"human\"}}}"}
20190701/clinical_assertion_observation//created/000000000000:308211:{"id":"SCV000281950.0","content":"{\"Method\":{\"MethodType\":{\"$\":\"clinical testing\"}},\"ObservedData\":[{\"Attribute\":{\"@Type\":\"VariantChromosomes\",\"@integerValue\":\"2\"}},{\"Attribute\":{\"@Type\":\"SingleHeterozygote\",\"@integerValue\":\"2\"}}],\"Sample\":{\"AffectedStatus\":{\"$\":\"yes\"},\"Indication\":{\"@Type\":\"Indication\",\"Trait\":{\"@Type\":\"Disease\",\"Name\":{\"ElementValue\":{\"$\":\"Stargardt disease 1\",\"@Type\":\"Preferred\"}}}},\"NumberTested\":{\"$\":\"335\"},\"Origin\":{\"$\":\"germline\"},\"Species\":{\"$\":\"human\",\"@TaxonomyId\":\"9606\"}}}"}
20190701/clinical_assertion_observation//created/000000000000:358547:{"id":"SCV000511911.0","content":"{\"Method\":{\"MethodType\":{\"$\":\"clinical testing\"}},\"ObservedData\":{\"Attribute\":{\"$\":\"not provided\",\"@Type\":\"Description\"}},\"Sample\":{\"AffectedStatus\":{\"$\":\"yes\"},\"Origin\":{\"$\":\"germline\"},\"Species\":{\"$\":\"human\",\"@TaxonomyId\":\"9606\"}}}"}
20190701/clinical_assertion_observation//created/000000000000:568036:{"id":"SCV000359224.0","content":"{\"Method\":{\"MethodType\":{\"$\":\"clinical testing\"}},\"ObservedData\":{\"Attribute\":{\"$\":\"not provided\",\"@Type\":\"Description\"}},\"Sample\":{\"AffectedStatus\":{\"$\":\"unknown\"},\"Origin\":{\"$\":\"germline\"},\"Species\":{\"$\":\"human\",\"@TaxonomyId\":\"9606\"}}}"}
20190701/clinical_assertion_observation//created/000000000000:622014:{"id":"SCV000359223.0","content":"{\"Method\":{\"MethodType\":{\"$\":\"clinical testing\"}},\"ObservedData\":{\"Attribute\":{\"$\":\"not provided\",\"@Type\":\"Description\"}},\"Sample\":{\"AffectedStatus\":{\"$\":\"unknown\"},\"Origin\":{\"$\":\"germline\"},\"Species\":{\"$\":\"human\",\"@TaxonomyId\":\"9606\"}}}"}
20190701/clinical_assertion_observation//created/000000000000:714502:{"id":"SCV000359226.0","content":"{\"Method\":{\"MethodType\":{\"$\":\"clinical testing\"}},\"ObservedData\":{\"Attribute\":{\"$\":\"not provided\",\"@Type\":\"Description\"}},\"Sample\":{\"AffectedStatus\":{\"$\":\"unknown\"},\"Origin\":{\"$\":\"germline\"},\"Species\":{\"$\":\"human\",\"@TaxonomyId\":\"9606\"}}}"}
20190701/clinical_assertion_observation//created/000000000000:718079:{"id":"SCV000914269.0","content":"{\"Method\":{\"MethodType\":{\"$\":\"clinical testing\"}},\"ObservedData\":{\"Attribute\":{\"$\":\"not provided\",\"@Type\":\"Description\"}},\"Sample\":{\"AffectedStatus\":{\"$\":\"unknown\"},\"Origin\":{\"$\":\"germline\"},\"Species\":{\"$\":\"human\",\"@TaxonomyId\":\"9606\"}}}"}
20190701/clinical_assertion_observation//created/000000000000:741021:{"id":"SCV000359225.0","content":"{\"Method\":{\"MethodType\":{\"$\":\"clinical testing\"}},\"ObservedData\":{\"Attribute\":{\"$\":\"not provided\",\"@Type\":\"Description\"}},\"Sample\":{\"AffectedStatus\":{\"$\":\"unknown\"},\"Origin\":{\"$\":\"germline\"},\"Species\":{\"$\":\"human\",\"@TaxonomyId\":\"9606\"}}}"}
20190701/clinical_assertion_observation//created/000000000000:867989:{"id":"SCV000117933.0","content":"{\"Method\":{\"MethodType\":{\"$\":\"not provided\"}},\"ObservedData\":{\"Attribute\":{\"$\":\"not provided\",\"@Type\":\"Description\"}},\"Sample\":{\"AffectedStatus\":{\"$\":\"not provided\"},\"NumberTested\":{\"$\":\"1\"},\"Origin\":{\"$\":\"not provided\"},\"Species\":{\"$\":\"human\"}}}"}
20190731/clinical_assertion_observation//created/000000000000:873:{"content":"{\"Method\":{\"MethodType\":{\"$\":\"research\"}},\"ObservedData\":{\"Attribute\":{\"$\":\"not provided\",\"@Type\":\"Description\"}},\"Sample\":{\"AffectedStatus\":{\"$\":\"yes\"},\"Origin\":{\"$\":\"unknown\"},\"Species\":{\"$\":\"human\",\"@TaxonomyId\":\"9606\"}}}","id":"SCV000926774.0"}
20191231/clinical_assertion_observation//created/000000000000:122261:{"content":"{\"Method\":{\"MethodType\":{\"$\":\"clinical testing\"}},\"ObservedData\":{\"Attribute\":{\"$\":\"not provided\",\"@Type\":\"Description\"}},\"Sample\":{\"AffectedStatus\":{\"$\":\"unknown\"},\"Origin\":{\"$\":\"germline\"},\"Species\":{\"$\":\"human\",\"@TaxonomyId\":\"9606\"}}}","id":"SCV001037250.0"}
20200203/clinical_assertion_observation//created/000000000000:4217:{"id":"SCV001135324.0","content":"{\"Method\":{\"MethodType\":{\"$\":\"clinical testing\"}},\"ObservedData\":{\"Attribute\":{\"$\":\"not provided\",\"@Type\":\"Description\"}},\"Sample\":{\"AffectedStatus\":{\"$\":\"unknown\"},\"Origin\":{\"$\":\"unknown\"},\"Species\":{\"$\":\"human\",\"@TaxonomyId\":\"9606\"}}}"}
20200203/clinical_assertion_observation//created/000000000000:20438:{"id":"SCV001147323.0","content":"{\"Method\":{\"MethodType\":{\"$\":\"clinical testing\"}},\"ObservedData\":{\"Attribute\":{\"@Type\":\"VariantAlleles\",\"@integerValue\":\"1\"}},\"Sample\":{\"AffectedStatus\":{\"$\":\"yes\"},\"Origin\":{\"$\":\"germline\"},\"Species\":{\"$\":\"human\",\"@TaxonomyId\":\"9606\"}}}"}
20200302/clinical_assertion_observation//created/000000000000:6587:{"content":"{\"Method\":{\"MethodType\":{\"$\":\"clinical testing\"}},\"ObservedData\":{\"Attribute\":{\"$\":\"not provided\",\"@Type\":\"Description\"}},\"Sample\":{\"AffectedStatus\":{\"$\":\"unknown\"},\"Origin\":{\"$\":\"germline\"},\"Species\":{\"$\":\"human\",\"@TaxonomyId\":\"9606\"}}}","id":"SCV001159506.0"}
20200506/clinical_assertion_observation//created/000000000000:7588:{"content":"{\"Method\":{\"MethodType\":{\"$\":\"clinical testing\"}},\"ObservedData\":{\"Attribute\":{\"$\":\"not provided\",\"@Type\":\"Description\"}},\"Sample\":{\"AffectedStatus\":{\"$\":\"yes\"},\"Origin\":{\"$\":\"germline\"},\"Species\":{\"$\":\"human\",\"@TaxonomyId\":\"9606\"}}}","id":"SCV001241289.0"}
