20190701/clinical_assertion_variation//created/000000000000:46672:{"variation_type":"Variation","subclass_type":"SimpleAllele","content":"{\"AttributeSet\":{\"Attribute\":{\"$\":\"NM_000350.2:c.6148G\u003eC\",\"@Type\":\"HGVS\"}},\"GeneList\":{\"Gene\":{\"@Symbol\":\"ABCA4\"}},\"Location\":{\"SequenceLocation\":{\"@Assembly\":\"GRCh37\",\"@Chr\":\"1\",\"@alternateAllele\":\"G\",\"@referenceAllele\":\"C\",\"@start\":\"94467548\",\"@stop\":\"94467548\",\"@variantLength\":\"1\"}}}","id":"SCV000511911.0","descendant_ids":[],"child_ids":[],"clinical_assertion_id":"SCV000511911"}
20190701/clinical_assertion_variation//created/000000000000:46673:{"variation_type":"Variation","subclass_type":"SimpleAllele","content":"{\"AttributeSet\":{\"Attribute\":{\"$\":\"NM_000350.2:c.6148G\u003eC\",\"@Type\":\"HGVS\"}},\"GeneList\":{\"Gene\":{\"@Symbol\":\"ABCA4\"}},\"Location\":{\"SequenceLocation\":{\"@Assembly\":\"GRCh37\",\"@Chr\":\"1\",\"@alternateAllele\":\"G\",\"@referenceAllele\":\"C\",\"@start\":\"94467548\",\"@stop\":\"94467548\",\"@variantLength\":\"1\"}}}","id":"SCV000914269.0","descendant_ids":[],"child_ids":[],"clinical_assertion_id":"SCV000914269"}
20190701/clinical_assertion_variation//created/000000000000:140667:{"variation_type":"Variation","subclass_type":"SimpleAllele","content":"{\"AttributeSet\":{\"Attribute\":{\"$\":\"NM_000350.2:c.6148G\u003eC\",\"@Type\":\"HGVS\"}}}","id":"SCV000117933.0","descendant_ids":[],"child_ids":[],"clinical_assertion_id":"SCV000117933"}
20190701/clinical_assertion_variation//created/000000000000:365207:{"variation_type":"Variation","subclass_type":"SimpleAllele","content":"{\"AttributeSet\":{\"Attribute\":{\"$\":\"NM_000350.2:c.6148G\u003eC\",\"@Type\":\"HGVS\"}},\"GeneList\":{\"Gene\":{\"@Symbol\":\"ABCA4\"}}}","id":"SCV000599010.0","descendant_ids":[],"child_ids":[],"clinical_assertion_id":"SCV000599010"}
20190701/clinical_assertion_variation//created/000000000000:365208:{"variation_type":"Variation","subclass_type":"SimpleAllele","content":"{\"AttributeSet\":{\"Attribute\":{\"$\":\"NM_000350.2:c.6148G\u003eC\",\"@Type\":\"HGVS\"}},\"GeneList\":{\"Gene\":{\"@Symbol\":\"ABCA4\"}}}","id":"SCV000359225.0","descendant_ids":[],"child_ids":[],"clinical_assertion_id":"SCV000359225"}
20190701/clinical_assertion_variation//created/000000000000:365209:{"variation_type":"Variation","subclass_type":"SimpleAllele","content":"{\"AttributeSet\":{\"Attribute\":{\"$\":\"NM_000350.2:c.6148G\u003eC\",\"@Type\":\"HGVS\"}},\"GeneList\":{\"Gene\":{\"@Symbol\":\"ABCA4\"}}}","id":"SCV000359226.0","descendant_ids":[],"child_ids":[],"clinical_assertion_id":"SCV000359226"}
20190701/clinical_assertion_variation//created/000000000000:365211:{"variation_type":"Variation","subclass_type":"SimpleAllele","content":"{\"AttributeSet\":{\"Attribute\":{\"$\":\"NM_000350.2:c.6148G\u003eC\",\"@Type\":\"HGVS\"}},\"GeneList\":{\"Gene\":{\"@Symbol\":\"ABCA4\"}}}","id":"SCV000281950.0","descendant_ids":[],"child_ids":[],"clinical_assertion_id":"SCV000281950"}
20190701/clinical_assertion_variation//created/000000000000:365212:{"variation_type":"Variation","subclass_type":"SimpleAllele","content":"{\"AttributeSet\":{\"Attribute\":{\"$\":\"NM_000350.2:c.6148G\u003eC\",\"@Type\":\"HGVS\"}},\"GeneList\":{\"Gene\":{\"@Symbol\":\"ABCA4\"}}}","id":"SCV000359224.0","descendant_ids":[],"child_ids":[],"clinical_assertion_id":"SCV000359224"}
20190701/clinical_assertion_variation//created/000000000000:365213:{"variation_type":"Variation","subclass_type":"SimpleAllele","content":"{\"AttributeSet\":{\"Attribute\":{\"$\":\"NM_000350.2:c.6148G\u003eC\",\"@Type\":\"HGVS\"}},\"GeneList\":{\"Gene\":{\"@Symbol\":\"ABCA4\"}}}","id":"SCV000359223.0","descendant_ids":[],"child_ids":[],"clinical_assertion_id":"SCV000359223"}
20190701/clinical_assertion_variation//created/000000000000:711044:{"variation_type":"Variation","subclass_type":"SimpleAllele","content":"{\"GeneList\":{\"Gene\":{\"@Symbol\":\"ABCA4\"}},\"Name\":{\"$\":\"ABCA4, VAL2050LEU\"},\"OtherNameList\":{\"Name\":{\"$\":\"VAL2050LEU\",\"@Type\":\"NonHGVS\"}},\"XRefList\":{\"XRef\":{\"@DB\":\"OMIM\",\"@ID\":\"601691.0005\",\"@Type\":\"Allelic variant\"}}}","id":"SCV000028543.0","descendant_ids":[],"child_ids":[],"clinical_assertion_id":"SCV000028543"}
20190701/clinical_assertion_variation//created/000000000000:813761:{"variation_type":"single nucleotide variant","subclass_type":"SimpleAllele","content":"{\"GeneList\":{\"Gene\":{\"@Symbol\":\"ABCA4\"}},\"Location\":{\"GeneLocation\":{\"$\":\"NM_000350.2:Ex45\"},\"SequenceLocation\":{\"@Assembly\":\"GRCh37\",\"@Chr\":\"1\",\"@alternateAllele\":\"G\",\"@referenceAllele\":\"C\",\"@start\":\"94467548\",\"@stop\":\"94467548\",\"@variantLength\":\"1\"}},\"XRefList\":{\"XRef\":[{\"@DB\":\"HGMD\",\"@ID\":\"CM970020\"},{\"@DB\":\"dbSNP\",\"@ID\":\"41292677\",\"@Type\":\"rsNumber\"}]}}","id":"SCV000110530.0","descendant_ids":[],"child_ids":[],"clinical_assertion_id":"SCV000110530"}
20190731/clinical_assertion_variation//created/000000000000:3805:{"clinical_assertion_id":"SCV000926774","content":"{\"AttributeSet\":{\"Attribute\":{\"$\":\"NM_000350.2:c.6148G\u003eC\",\"@Type\":\"HGVS\"}},\"GeneList\":{\"Gene\":{\"@Symbol\":\"ABCA4\"}}}","variation_type":"Variation","subclass_type":"SimpleAllele","child_ids":[],"descendant_ids":[],"id":"SCV000926774.0"}
20191231/clinical_assertion_variation//created/000000000000:53237:{"child_ids":[],"variation_type":"Variation","subclass_type":"SimpleAllele","content":"{\"AttributeSet\":{\"Attribute\":{\"$\":\"NM_000350.2:c.6148G\u003eC\",\"@Type\":\"HGVS\"}},\"GeneList\":{\"Gene\":{\"@Symbol\":\"ABCA4\"}}}","descendant_ids":[],"id":"SCV001037250.0","clinical_assertion_id":"SCV001037250"}
20200203/clinical_assertion_variation//created/000000000000:1351:{"subclass_type":"SimpleAllele","variation_type":"Variation","content":"{\"AttributeSet\":{\"Attribute\":{\"$\":\"NC_000001.10:g.94467548C\u003eG\",\"@Type\":\"HGVS\"}},\"GeneList\":{\"Gene\":{\"@Symbol\":\"ABCA4\"}}}","clinical_assertion_id":"SCV001135324","id":"SCV001135324.0","child_ids":[],"descendant_ids":[]}
20200203/clinical_assertion_variation//created/000000000000:4017:{"subclass_type":"SimpleAllele","variation_type":"Variation","content":"{\"Location\":{\"SequenceLocation\":{\"@Assembly\":\"GRCh37\",\"@Chr\":\"1\",\"@alternateAllele\":\"G\",\"@referenceAllele\":\"C\",\"@start\":\"94467548\",\"@stop\":\"94467548\",\"@variantLength\":\"1\"}}}","clinical_assertion_id":"SCV001147323","id":"SCV001147323.0","child_ids":[],"descendant_ids":[]}
20200302/clinical_assertion_variation//created/000000000000:4830:{"clinical_assertion_id":"SCV001159506","descendant_ids":[],"child_ids":[],"variation_type":"Variation","subclass_type":"SimpleAllele","content":"{\"AttributeSet\":{\"Attribute\":{\"$\":\"NC_000001.10:g.94467548C\u003eG\",\"@Type\":\"HGVS\"}}}","id":"SCV001159506.0"}
20200506/clinical_assertion_variation//created/000000000000:10878:{"child_ids":[],"descendant_ids":[],"content":"{\"AttributeSet\":{\"Attribute\":{\"$\":\"NM_000350.2:c.6148G\u003eC\",\"@Type\":\"HGVS\"}}}","clinical_assertion_id":"SCV001241289","id":"SCV001241289.0","subclass_type":"SimpleAllele","variation_type":"Variation"}
