20190701/clinical_assertion_trait_set//created/000000000000:47794:{"clinical_assertion_trait_ids":["SCV000110530.0"],"id":"SCV000110530","type":"Disease"}
20190701/clinical_assertion_trait_set//created/000000000000:50750:{"clinical_assertion_trait_ids":["SCV000359225.0"],"id":"SCV000359225","type":"Disease"}
20190701/clinical_assertion_trait_set//created/000000000000:133753:{"clinical_assertion_trait_ids":["SCV000117933.0"],"id":"SCV000117933","type":"Disease"}
20190701/clinical_assertion_trait_set//created/000000000000:206977:{"clinical_assertion_trait_ids":["SCV000914269.0"],"id":"SCV000914269","type":"Disease"}
20190701/clinical_assertion_trait_set//created/000000000000:491517:{"clinical_assertion_trait_ids":["SCV000359223.0"],"id":"SCV000359223","type":"Disease"}
20190701/clinical_assertion_trait_set//created/000000000000:511055:{"clinical_assertion_trait_ids":["SCV000511911.0"],"id":"SCV000511911","type":"Disease"}
20190701/clinical_assertion_trait_set//created/000000000000:523297:{"clinical_assertion_trait_ids":["SCV000028543.0"],"id":"SCV000028543","type":"Disease"}
20190701/clinical_assertion_trait_set//created/000000000000:710842:{"clinical_assertion_trait_ids":["SCV000359224.0"],"id":"SCV000359224","type":"Disease"}
20190701/clinical_assertion_trait_set//created/000000000000:738794:{"clinical_assertion_trait_ids":["SCV000281950.0"],"id":"SCV000281950","type":"Disease"}
20190701/clinical_assertion_trait_set//created/000000000000:786418:{"clinical_assertion_trait_ids":["SCV000599010.0"],"id":"SCV000599010","type":"Finding"}
20190701/clinical_assertion_trait_set//created/000000000000:839930:{"clinical_assertion_trait_ids":["SCV000359226.0"],"id":"SCV000359226","type":"Finding"}
20190731/clinical_assertion_trait_set//created/000000000000:3255:{"clinical_assertion_trait_ids":["SCV000926774.0"],"id":"SCV000926774","type":"Disease"}
20191231/clinical_assertion_trait_set//created/000000000000:64955:{"id":"SCV001037250","type":"Disease","clinical_assertion_trait_ids":["SCV001037250.0"]}
20200203/clinical_assertion_trait_set//created/000000000000:4344:{"type":"Disease","id":"SCV001135324","clinical_assertion_trait_ids":["SCV001135324.0"]}
20200203/clinical_assertion_trait_set//created/000000000000:6970:{"type":"Disease","id":"SCV001147323","clinical_assertion_trait_ids":["SCV001147323.0"]}
20200302/clinical_assertion_trait_set//created/000000000000:1149:{"id":"SCV001159506","clinical_assertion_trait_ids":["SCV001159506.0"],"type":"Disease"}
20200506/clinical_assertion_trait_set//created/000000000000:33569:{"id":"SCV001241289","type":"Disease","clinical_assertion_trait_ids":["SCV001241289.0"]}
