20190701/gene_association//created/000000000000:58468:{"source":"submitted","variation_id":"7884","relationship_type":"within single gene","content":"{\"Location\":{\"CytogeneticLocation\":{\"$\":\"1p22.1\"},\"SequenceLocation\":[{\"@Accession\":\"NC_000001.11\",\"@Assembly\":\"GRCh38\",\"@AssemblyAccessionVersion\":\"GCF_000001405.38\",\"@AssemblyStatus\":\"current\",\"@Chr\":\"1\",\"@Strand\":\"-\",\"@display_start\":\"93992834\",\"@display_stop\":\"94121148\",\"@start\":\"93992834\",\"@stop\":\"94121148\"},{\"@Accession\":\"NC_000001.10\",\"@Assembly\":\"GRCh37\",\"@AssemblyAccessionVersion\":\"GCF_000001405.25\",\"@AssemblyStatus\":\"previous\",\"@Chr\":\"1\",\"@Strand\":\"-\",\"@display_start\":\"94458392\",\"@display_stop\":\"94586704\",\"@start\":\"94458392\",\"@stop\":\"94586704\"}]},\"OMIM\":{\"$\":\"601691\"}}","gene_id":"24"}
