20190701/trait_mapping//created/000000000000:30511:{"trait_type":"Disease","mapping_value":"248200","mapping_type":"XRef","medgen_name":"Stargardt disease 1","mapping_ref":"OMIM","medgen_id":"C1855465","clinical_assertion_id":"SCV000281950"}
20190701/trait_mapping//created/000000000000:270358:{"trait_type":"Disease","mapping_value":"Not Provided","mapping_type":"Name","medgen_name":"not provided","mapping_ref":"Preferred","medgen_id":"CN517202","clinical_assertion_id":"SCV000511911"}
20190701/trait_mapping//created/000000000000:372589:{"trait_type":"Disease","mapping_value":"not provided","mapping_type":"Name","medgen_name":"not provided","mapping_ref":"Preferred","medgen_id":"CN517202","clinical_assertion_id":"SCV000117933"}
20190701/trait_mapping//created/000000000000:500857:{"trait_type":"Disease","mapping_value":"not specified","mapping_type":"Name","medgen_name":"not specified","mapping_ref":"Preferred","medgen_id":"CN169374","clinical_assertion_id":"SCV000110530"}
20190701/trait_mapping//created/000000000000:558902:{"trait_type":"Disease","mapping_value":"STARGARDT DISEASE 1","mapping_type":"Name","medgen_name":"Stargardt disease 1","mapping_ref":"Preferred","medgen_id":"C1855465","clinical_assertion_id":"SCV000028543"}
20190701/trait_mapping//created/000000000000:579514:{"trait_type":"Disease","mapping_value":"ABCA4-Related Disorders","mapping_type":"Name","medgen_name":"ABCA4-Related Disorders","mapping_ref":"Preferred","medgen_id":"CN239167","clinical_assertion_id":"SCV000914269"}
20190701/trait_mapping//created/000000000000:633290:{"trait_type":"Disease","mapping_value":"Stargardt Disease, Recessive","mapping_type":"Name","medgen_name":"Stargardt Disease, Recessive","mapping_ref":"Preferred","medgen_id":"CN239312","clinical_assertion_id":"SCV000359225"}
20190701/trait_mapping//created/000000000000:634891:{"trait_type":"Disease","mapping_value":"Cone-Rod Dystrophy, Recessive","mapping_type":"Name","medgen_name":"Cone-Rod Dystrophy, Recessive","mapping_ref":"Preferred","medgen_id":"CN239309","clinical_assertion_id":"SCV000359224"}
20190701/trait_mapping//created/000000000000:656189:{"trait_type":"Disease","mapping_value":"Retinitis Pigmentosa, Recessive","mapping_type":"Name","medgen_name":"Retinitis Pigmentosa, Recessive","mapping_ref":"Preferred","medgen_id":"CN239466","clinical_assertion_id":"SCV000359223"}
20190701/trait_mapping//created/000000000000:836880:{"trait_type":"Finding","mapping_value":"HP:0000548","mapping_type":"XRef","medgen_name":"Cone/cone-rod dystrophy","mapping_ref":"HP","medgen_id":"C0730290","clinical_assertion_id":"SCV000599010"}
20190701/trait_mapping//created/000000000000:885167:{"trait_type":"Finding","mapping_value":"Macular Degeneration","mapping_type":"Name","medgen_name":"Macular degeneration","mapping_ref":"Preferred","medgen_id":"C0024437","clinical_assertion_id":"SCV000359226"}
20190731/trait_mapping//created/000000000000:3610:{"medgen_name":"Retinitis pigmentosa","mapping_ref":"Preferred","medgen_id":"C0035334","trait_type":"Disease","mapping_value":"Retinitis pigmentosa","clinical_assertion_id":"SCV000926774","mapping_type":"Name"}
20191105/trait_mapping//deleted/000000000000:483:{"mapping_value":"248200","mapping_type":"XRef","medgen_name":"Stargardt disease 1","medgen_id":"C1855465","trait_type":"Disease","mapping_ref":"OMIM","clinical_assertion_id":"SCV000281950"}
20191105/trait_mapping//deleted/000000000000:2273:{"mapping_value":"Not Provided","mapping_type":"Name","medgen_name":"not provided","medgen_id":"CN517202","trait_type":"Disease","mapping_ref":"Preferred","clinical_assertion_id":"SCV000511911"}
20191105/trait_mapping//deleted/000000000000:2632:{"mapping_value":"not provided","mapping_type":"Name","medgen_name":"not provided","medgen_id":"CN517202","trait_type":"Disease","mapping_ref":"Preferred","clinical_assertion_id":"SCV000117933"}
20191105/trait_mapping//deleted/000000000000:2985:{"mapping_value":"not specified","mapping_type":"Name","medgen_name":"not specified","medgen_id":"CN169374","trait_type":"Disease","mapping_ref":"Preferred","clinical_assertion_id":"SCV000110530"}
20191105/trait_mapping//deleted/000000000000:3267:{"mapping_value":"STARGARDT DISEASE 1","mapping_type":"Name","medgen_name":"Stargardt disease 1","medgen_id":"C1855465","trait_type":"Disease","mapping_ref":"Preferred","clinical_assertion_id":"SCV000028543"}
20191105/trait_mapping//deleted/000000000000:3296:{"mapping_value":"Retinitis pigmentosa","mapping_type":"Name","medgen_name":"Retinitis pigmentosa","medgen_id":"C0035334","trait_type":"Disease","mapping_ref":"Preferred","clinical_assertion_id":"SCV000926774"}
20191105/trait_mapping//deleted/000000000000:3385:{"mapping_value":"ABCA4-Related Disorders","mapping_type":"Name","medgen_name":"ABCA4-Related Disorders","medgen_id":"CN239167","trait_type":"Disease","mapping_ref":"Preferred","clinical_assertion_id":"SCV000914269"}
20191105/trait_mapping//deleted/000000000000:3738:{"mapping_value":"Stargardt Disease, Recessive","mapping_type":"Name","medgen_name":"Stargardt Disease, Recessive","medgen_id":"CN239312","trait_type":"Disease","mapping_ref":"Preferred","clinical_assertion_id":"SCV000359225"}
20191105/trait_mapping//deleted/000000000000:3747:{"mapping_value":"Cone-Rod Dystrophy, Recessive","mapping_type":"Name","medgen_name":"Cone-Rod Dystrophy, Recessive","medgen_id":"CN239309","trait_type":"Disease","mapping_ref":"Preferred","clinical_assertion_id":"SCV000359224"}
20191105/trait_mapping//deleted/000000000000:3934:{"mapping_value":"Retinitis Pigmentosa, Recessive","mapping_type":"Name","medgen_name":"Retinitis Pigmentosa, Recessive","medgen_id":"CN239466","trait_type":"Disease","mapping_ref":"Preferred","clinical_assertion_id":"SCV000359223"}
20191105/trait_mapping//deleted/000000000000:4751:{"mapping_value":"HP:0000548","mapping_type":"XRef","medgen_name":"Cone/cone-rod dystrophy","medgen_id":"C0730290","trait_type":"Finding","mapping_ref":"HP","clinical_assertion_id":"SCV000599010"}
20191105/trait_mapping//deleted/000000000000:5250:{"mapping_value":"Macular Degeneration","mapping_type":"Name","medgen_name":"Macular degeneration","medgen_id":"C0024437","trait_type":"Finding","mapping_ref":"Preferred","clinical_assertion_id":"SCV000359226"}
20191202/trait_mapping//created/000000000000:274:{"trait_type":"Disease","medgen_id":"C1855465","clinical_assertion_id":"SCV000281950","mapping_ref":"OMIM","mapping_value":"248200","medgen_name":"Stargardt disease 1","mapping_type":"XRef"}
20191202/trait_mapping//created/000000000000:880:{"trait_type":"Disease","medgen_id":"CN517202","clinical_assertion_id":"SCV000511911","mapping_ref":"Preferred","mapping_value":"Not Provided","medgen_name":"not provided","mapping_type":"Name"}
20191202/trait_mapping//created/000000000000:933:{"trait_type":"Disease","medgen_id":"CN517202","clinical_assertion_id":"SCV000117933","mapping_ref":"Preferred","mapping_value":"not provided","medgen_name":"not provided","mapping_type":"Name"}
20191202/trait_mapping//created/000000000000:1736:{"trait_type":"Disease","medgen_id":"CN169374","clinical_assertion_id":"SCV000110530","mapping_ref":"Preferred","mapping_value":"not specified","medgen_name":"not specified","mapping_type":"Name"}
20191202/trait_mapping//created/000000000000:1885:{"trait_type":"Disease","medgen_id":"C1855465","clinical_assertion_id":"SCV000028543","mapping_ref":"Preferred","mapping_value":"STARGARDT DISEASE 1","medgen_name":"Stargardt disease 1","mapping_type":"Name"}
20191202/trait_mapping//created/000000000000:1899:{"trait_type":"Disease","medgen_id":"C0035334","clinical_assertion_id":"SCV000926774","mapping_ref":"Preferred","mapping_value":"Retinitis pigmentosa","medgen_name":"Retinitis pigmentosa","mapping_type":"Name"}
20191202/trait_mapping//created/000000000000:1910:{"trait_type":"Disease","medgen_id":"CN239167","clinical_assertion_id":"SCV000914269","mapping_ref":"Preferred","mapping_value":"ABCA4-Related Disorders","medgen_name":"ABCA4-Related Disorders","mapping_type":"Name"}
20191202/trait_mapping//created/000000000000:1960:{"trait_type":"Disease","medgen_id":"CN239312","clinical_assertion_id":"SCV000359225","mapping_ref":"Preferred","mapping_value":"Stargardt Disease, Recessive","medgen_name":"Stargardt Disease, Recessive","mapping_type":"Name"}
20191202/trait_mapping//created/000000000000:1962:{"trait_type":"Disease","medgen_id":"CN239309","clinical_assertion_id":"SCV000359224","mapping_ref":"Preferred","mapping_value":"Cone-Rod Dystrophy, Recessive","medgen_name":"Cone-Rod Dystrophy, Recessive","mapping_type":"Name"}
20191202/trait_mapping//created/000000000000:2760:{"trait_type":"Disease","medgen_id":"CN239466","clinical_assertion_id":"SCV000359223","mapping_ref":"Preferred","mapping_value":"Retinitis Pigmentosa, Recessive","medgen_name":"Retinitis Pigmentosa, Recessive","mapping_type":"Name"}
20191202/trait_mapping//created/000000000000:3322:{"trait_type":"Finding","medgen_id":"C0730290","clinical_assertion_id":"SCV000599010","mapping_ref":"HP","mapping_value":"HP:0000548","medgen_name":"Cone/cone-rod dystrophy","mapping_type":"XRef"}
20191202/trait_mapping//created/000000000000:4334:{"trait_type":"Finding","medgen_id":"C0024437","clinical_assertion_id":"SCV000359226","mapping_ref":"Preferred","mapping_value":"Macular Degeneration","medgen_name":"Macular degeneration","mapping_type":"Name"}
20191231/trait_mapping//created/000000000000:86234:{"mapping_ref":"Preferred","medgen_name":"not provided","medgen_id":"CN517202","mapping_type":"Name","clinical_assertion_id":"SCV001037250","mapping_value":"not provided","trait_type":"Disease"}
20200203/trait_mapping//created/000000000000:2929:{"clinical_assertion_id":"SCV001135324","medgen_name":"Stargardt disease 1","medgen_id":"C1855465","mapping_ref":"OMIM","mapping_value":"248200","trait_type":"Disease","mapping_type":"XRef"}
20200203/trait_mapping//created/000000000000:21157:{"clinical_assertion_id":"SCV001147323","medgen_name":"not provided","medgen_id":"CN517202","mapping_ref":"Preferred","mapping_value":"not provided","trait_type":"Disease","mapping_type":"Name"}
20200302/trait_mapping//created/000000000000:7038:{"mapping_type":"Name","medgen_id":"CN169374","medgen_name":"not specified","clinical_assertion_id":"SCV001159506","mapping_ref":"Preferred","trait_type":"Disease","mapping_value":"not specified"}
20200506/trait_mapping//created/000000000000:32143:{"mapping_value":"Retinal dystrophy","clinical_assertion_id":"SCV001241289","mapping_type":"Name","medgen_id":"C0854723","medgen_name":"Retinal dystrophy","mapping_ref":"Preferred","trait_type":"Disease"}
