20190701/clinical_assertion_trait_set//created/000000000000:10702:{"clinical_assertion_trait_ids":["SCV000059054.0"],"id":"SCV000059054","type":"Disease"}
20190701/clinical_assertion_trait_set//created/000000000000:79308:{"clinical_assertion_trait_ids":["SCV000692517.0"],"id":"SCV000692517","type":"Disease"}
20190701/clinical_assertion_trait_set//created/000000000000:103590:{"clinical_assertion_trait_ids":["SCV000840016.0"],"id":"SCV000840016","type":"Disease"}
20190701/clinical_assertion_trait_set//created/000000000000:149697:{"clinical_assertion_trait_ids":["SCV000208031.0"],"id":"SCV000208031","type":"Disease"}
20190701/clinical_assertion_trait_set//created/000000000000:157396:{"clinical_assertion_trait_ids":["SCV000862304.0"],"id":"SCV000862304","type":"Disease"}
20190701/clinical_assertion_trait_set//created/000000000000:185333:{"clinical_assertion_trait_ids":["SCV000372356.0"],"id":"SCV000372356","type":"Disease"}
20190701/clinical_assertion_trait_set//created/000000000000:425390:{"clinical_assertion_trait_ids":["SCV000319017.0"],"id":"SCV000319017","type":"Disease"}
20190701/clinical_assertion_trait_set//created/000000000000:433511:{"clinical_assertion_trait_ids":["SCV000190379.0"],"id":"SCV000190379","type":"Disease"}
20190701/clinical_assertion_trait_set//created/000000000000:463959:{"clinical_assertion_trait_ids":["SCV000604327.0"],"id":"SCV000604327","type":"Disease"}
20190701/clinical_assertion_trait_set//created/000000000000:479436:{"clinical_assertion_trait_ids":["SCV000614141.0"],"id":"SCV000614141","type":"Disease"}
20190701/clinical_assertion_trait_set//created/000000000000:480009:{"clinical_assertion_trait_ids":["SCV000260968.0"],"id":"SCV000260968","type":"Disease"}
20190701/clinical_assertion_trait_set//created/000000000000:492864:{"clinical_assertion_trait_ids":["SCV000803346.0"],"id":"SCV000803346","type":"Disease"}
20190701/clinical_assertion_trait_set//created/000000000000:505590:{"clinical_assertion_trait_ids":["SCV000280214.0"],"id":"SCV000280214","type":"Disease"}
20190701/clinical_assertion_trait_set//created/000000000000:613395:{"clinical_assertion_trait_ids":["SCV000606931.0"],"id":"SCV000606931","type":"Disease"}
20190701/clinical_assertion_trait_set//created/000000000000:719623:{"clinical_assertion_trait_ids":["SCV000372357.0"],"id":"SCV000372357","type":"Disease"}
20190701/clinical_assertion_trait_set//created/000000000000:814765:{"clinical_assertion_trait_ids":["SCV000372355.0"],"id":"SCV000372355","type":"Finding"}
20190701/clinical_assertion_trait_set//created/000000000000:816415:{"clinical_assertion_trait_ids":["SCV000696313.0"],"id":"SCV000696313","type":"Finding"}
20190701/clinical_assertion_trait_set//created/000000000000:842102:{"clinical_assertion_trait_ids":["SCV000606931.0.0","SCV000606931.0.1","SCV000606931.0.2","SCV000606931.0.3","SCV000606931.0.4","SCV000606931.0.5","SCV000606931.0.6"],"content":"{\"@DateLastEvaluated\":\"2016-01-08\"}","id":"SCV000606931.0","type":"Finding"}
20200602/clinical_assertion_trait_set//created/000000000000:3745:{"type":"Disease","clinical_assertion_trait_ids":["SCV001333820.0"],"id":"SCV001333820"}
20200622/clinical_assertion_trait_set//created/000000000000:4334:{"id":"SCV001357620","clinical_assertion_trait_ids":["SCV001357620.0"],"type":"Disease"}
20200928/clinical_assertion_trait_set//created/000000000000:1317:{"clinical_assertion_trait_ids":["SCV001433438.0"],"id":"SCV001433438","type":"Disease"}
