20190701/clinical_assertion_variation//created/000000000000:82697:{"variation_type":"Variation","subclass_type":"SimpleAllele","content":"{\"AttributeSet\":{\"Attribute\":{\"$\":\"NM_000256.3:c.1504C\u003eT\",\"@Type\":\"HGVS\"}},\"GeneList\":{\"Gene\":{\"@Symbol\":\"MYBPC3\"}},\"Location\":{\"SequenceLocation\":{\"@Assembly\":\"GRCh37\",\"@Chr\":\"11\",\"@alternateAllele\":\"A\",\"@referenceAllele\":\"G\",\"@start\":\"47364249\",\"@stop\":\"47364249\",\"@variantLength\":\"1\"}}}","id":"SCV000208031.0","descendant_ids":[],"child_ids":[],"clinical_assertion_id":"SCV000208031"}
20190701/clinical_assertion_variation//created/000000000000:82698:{"variation_type":"Variation","subclass_type":"SimpleAllele","content":"{\"AttributeSet\":{\"Attribute\":{\"$\":\"NM_000256.3:c.1504C\u003eT\",\"@Type\":\"HGVS\"}},\"GeneList\":{\"Gene\":{\"@Symbol\":\"MYBPC3\"}},\"Location\":{\"SequenceLocation\":{\"@Assembly\":\"GRCh37\",\"@Chr\":\"11\",\"@alternateAllele\":\"A\",\"@referenceAllele\":\"G\",\"@start\":\"47364249\",\"@stop\":\"47364249\",\"@variantLength\":\"1\"}}}","id":"SCV000372357.0","descendant_ids":[],"child_ids":[],"clinical_assertion_id":"SCV000372357"}
20190701/clinical_assertion_variation//created/000000000000:166522:{"variation_type":"Variation","subclass_type":"SimpleAllele","content":"{\"AttributeSet\":{\"Attribute\":{\"$\":\"NM_000256.3:c.1504C\u003eT\",\"@Type\":\"HGVS\"}},\"Location\":{\"SequenceLocation\":{\"@Assembly\":\"GRCh37\",\"@Chr\":\"11\",\"@alternateAllele\":\"A\",\"@referenceAllele\":\"G\",\"@start\":\"47364249\",\"@stop\":\"47364249\",\"@variantLength\":\"1\"}},\"OtherNameList\":{\"Name\":{\"$\":\"p.Arg502Trp\"}},\"XRefList\":{\"XRef\":{\"@DB\":\"dbSNP\",\"@ID\":\"375882485\",\"@Type\":\"rsNumber\"}}}","id":"SCV000604327.0","descendant_ids":[],"child_ids":[],"clinical_assertion_id":"SCV000604327"}
20190701/clinical_assertion_variation//created/000000000000:442720:{"variation_type":"Variation","subclass_type":"SimpleAllele","content":"{\"AttributeSet\":{\"Attribute\":{\"$\":\"NM_000256.3:c.1504C\u003eT\",\"@Type\":\"HGVS\"}},\"GeneList\":{\"Gene\":{\"@Symbol\":\"MYBPC3\"}}}","id":"SCV000319017.0","descendant_ids":[],"child_ids":[],"clinical_assertion_id":"SCV000319017"}
20190701/clinical_assertion_variation//created/000000000000:442721:{"variation_type":"Variation","subclass_type":"SimpleAllele","content":"{\"AttributeSet\":{\"Attribute\":{\"$\":\"NM_000256.3:c.1504C\u003eT\",\"@Type\":\"HGVS\"}},\"GeneList\":{\"Gene\":{\"@Symbol\":\"MYBPC3\"}}}","id":"SCV000606931.0","descendant_ids":[],"child_ids":[],"clinical_assertion_id":"SCV000606931"}
20190701/clinical_assertion_variation//created/000000000000:442722:{"variation_type":"Variation","subclass_type":"SimpleAllele","content":"{\"AttributeSet\":{\"Attribute\":{\"$\":\"NM_000256.3:c.1504C\u003eT\",\"@Type\":\"HGVS\"}},\"GeneList\":{\"Gene\":{\"@Symbol\":\"MYBPC3\"}}}","id":"SCV000280214.0","descendant_ids":[],"child_ids":[],"clinical_assertion_id":"SCV000280214"}
20190701/clinical_assertion_variation//created/000000000000:442723:{"variation_type":"Variation","subclass_type":"SimpleAllele","content":"{\"AttributeSet\":{\"Attribute\":{\"$\":\"NM_000256.3:c.1504C\u003eT\",\"@Type\":\"HGVS\"}},\"GeneList\":{\"Gene\":{\"@Symbol\":\"MYBPC3\"}}}","id":"SCV000372356.0","descendant_ids":[],"child_ids":[],"clinical_assertion_id":"SCV000372356"}
20190701/clinical_assertion_variation//created/000000000000:442724:{"variation_type":"Variation","subclass_type":"SimpleAllele","content":"{\"AttributeSet\":{\"Attribute\":{\"$\":\"NM_000256.3:c.1504C\u003eT\",\"@Type\":\"HGVS\"}},\"GeneList\":{\"Gene\":{\"@Symbol\":\"MYBPC3\"}}}","id":"SCV000372355.0","descendant_ids":[],"child_ids":[],"clinical_assertion_id":"SCV000372355"}
20190701/clinical_assertion_variation//created/000000000000:442725:{"variation_type":"Variation","subclass_type":"SimpleAllele","content":"{\"AttributeSet\":{\"Attribute\":{\"$\":\"NM_000256.3:c.1504C\u003eT\",\"@Type\":\"HGVS\"}},\"GeneList\":{\"Gene\":{\"@Symbol\":\"MYBPC3\"}}}","id":"SCV000840016.0","descendant_ids":[],"child_ids":[],"clinical_assertion_id":"SCV000840016"}
20190701/clinical_assertion_variation//created/000000000000:442726:{"variation_type":"Variation","subclass_type":"SimpleAllele","content":"{\"AttributeSet\":{\"Attribute\":{\"$\":\"NM_000256.3:c.1504C\u003eT\",\"@Type\":\"HGVS\"}},\"GeneList\":{\"Gene\":{\"@Symbol\":\"MYBPC3\"}}}","id":"SCV000260968.0","descendant_ids":[],"child_ids":[],"clinical_assertion_id":"SCV000260968"}
20190701/clinical_assertion_variation//created/000000000000:442727:{"variation_type":"Variation","subclass_type":"SimpleAllele","content":"{\"AttributeSet\":{\"Attribute\":{\"$\":\"NM_000256.3:c.1504C\u003eT\",\"@Type\":\"HGVS\"}},\"GeneList\":{\"Gene\":{\"@Symbol\":\"MYBPC3\"}}}","id":"SCV000692517.0","descendant_ids":[],"child_ids":[],"clinical_assertion_id":"SCV000692517"}
20190701/clinical_assertion_variation//created/000000000000:604800:{"variation_type":"Variation","subclass_type":"SimpleAllele","content":"{\"AttributeSet\":{\"Attribute\":{\"$\":\"NM_000256.3:c.1504C\u003eT\",\"@Type\":\"HGVS\"}},\"GeneList\":{\"Gene\":{\"@Symbol\":\"MYBPC3\"}},\"OtherNameList\":{\"Name\":{\"$\":\"p.Arg502Trp\"}}}","id":"SCV000614141.0","descendant_ids":[],"child_ids":[],"clinical_assertion_id":"SCV000614141"}
20190701/clinical_assertion_variation//created/000000000000:658931:{"variation_type":"Variation","subclass_type":"SimpleAllele","content":"{\"AttributeSet\":{\"Attribute\":{\"$\":\"NM_000256.3:c.1504C\u003eT\",\"@Type\":\"HGVS\"}},\"GeneList\":{\"Gene\":{\"@Symbol\":\"MYBPC3\"}},\"XRefList\":{\"XRef\":{\"@DB\":\"dbSNP\",\"@ID\":\"375882485\",\"@Type\":\"rsNumber\"}}}","id":"SCV000696313.0","descendant_ids":[],"child_ids":[],"clinical_assertion_id":"SCV000696313"}
20190701/clinical_assertion_variation//created/000000000000:673046:{"variation_type":"Variation","subclass_type":"SimpleAllele","content":"{\"AttributeSet\":{\"Attribute\":{\"$\":\"NC_000011.9:g.47364249G\u003eA\",\"@Type\":\"HGVS\"}},\"GeneList\":{\"Gene\":{\"@Symbol\":\"MYBPC3\"}},\"OtherNameList\":{\"Name\":[{\"$\":\"NM_000256.3:c.1504C\u003eT\"},{\"$\":\"p.Arg502Trp\"}]}}","id":"SCV000059054.0","descendant_ids":[],"child_ids":[],"clinical_assertion_id":"SCV000059054"}
20190701/clinical_assertion_variation//created/000000000000:684794:{"variation_type":"Variation","subclass_type":"SimpleAllele","content":"{\"AttributeSet\":{\"Attribute\":{\"$\":\"NM_000256.3:c.1504C\u003eT\",\"@Type\":\"HGVS\"}},\"GeneList\":{\"Gene\":{\"@Symbol\":\"MYBPC3\"}},\"Location\":{\"SequenceLocation\":{\"@Assembly\":\"GRCh37\",\"@Chr\":\"11\",\"@start\":\"47364249\"}}}","id":"SCV000190379.0","descendant_ids":[],"child_ids":[],"clinical_assertion_id":"SCV000190379"}
20190701/clinical_assertion_variation//created/000000000000:707490:{"variation_type":"Variation","subclass_type":"SimpleAllele","content":"{\"GeneList\":{\"Gene\":{\"@Symbol\":\"MYBPC3\"}},\"Location\":{\"SequenceLocation\":{\"@Assembly\":\"GRCh37\",\"@Chr\":\"11\",\"@alternateAllele\":\"A\",\"@referenceAllele\":\"G\",\"@start\":\"47364249\",\"@stop\":\"47364249\",\"@variantLength\":\"1\"}}}","id":"SCV000803346.0","descendant_ids":[],"child_ids":[],"clinical_assertion_id":"SCV000803346"}
20190701/clinical_assertion_variation//created/000000000000:816617:{"variation_type":"single nucleotide variant","subclass_type":"SimpleAllele","content":"{\"GeneList\":{\"Gene\":{\"@Symbol\":\"MYBPC3\"}},\"Location\":{\"GeneLocation\":{\"$\":\"NM_000256.3:Ex17\"},\"SequenceLocation\":{\"@Assembly\":\"GRCh37\",\"@Chr\":\"11\",\"@alternateAllele\":\"A\",\"@referenceAllele\":\"G\",\"@start\":\"47364249\",\"@stop\":\"47364249\",\"@variantLength\":\"1\"}},\"XRefList\":{\"XRef\":[{\"@DB\":\"HGMD\",\"@ID\":\"CM031259\"},{\"@DB\":\"dbSNP\",\"@ID\":\"375882485\",\"@Type\":\"rsNumber\"}]}}","id":"SCV000862304.0","descendant_ids":[],"child_ids":[],"clinical_assertion_id":"SCV000862304"}
20190902/clinical_assertion_variation//updated/000000000000:16553:{"child_ids":[],"content":"{\"AttributeSet\":{\"Attribute\":{\"$\":\"NC_000011.9:g.47364249G\u003eA\",\"@Type\":\"HGVS\"}},\"GeneList\":{\"Gene\":{\"@Symbol\":\"MYBPC3\"}},\"Location\":{\"GeneLocation\":{\"$\":\"NM_000256.3:EXON 17\"}},\"OtherNameList\":{\"Name\":[{\"$\":\"NM_000256.3:c.1504C\u003eT\"},{\"$\":\"p.Arg502Trp\"}]}}","descendant_ids":[],"variation_type":"Variation","id":"SCV000059054.0","clinical_assertion_id":"SCV000059054","subclass_type":"SimpleAllele"}
20191001/clinical_assertion_variation//updated/000000000000:137:{"id":"SCV000803346.0","variation_type":"Variation","clinical_assertion_id":"SCV000803346","descendant_ids":[],"subclass_type":"SimpleAllele","child_ids":[],"content":"{\"AttributeSet\":{\"Attribute\":{\"$\":\"NM_000256.3:c.1504C\u003eT\",\"@Type\":\"HGVS\"}},\"GeneList\":{\"Gene\":{\"@Symbol\":\"MYBPC3\"}}}"}
20200302/clinical_assertion_variation//updated/000000000000:2068:{"id":"SCV000604327.0","descendant_ids":[],"clinical_assertion_id":"SCV000604327","subclass_type":"SimpleAllele","content":"{\"AttributeSet\":{\"Attribute\":{\"$\":\"NC_000011.9:g.47364249G\u003eA\",\"@Type\":\"HGVS\"}}}","child_ids":[],"variation_type":"Variation"}
20200602/clinical_assertion_variation//created/000000000000:81025:{"child_ids":[],"id":"SCV001333820.0","subclass_type":"SimpleAllele","descendant_ids":[],"content":"{\"AttributeSet\":{\"Attribute\":{\"$\":\"NM_000256.3:c.1504C\u003eT\",\"@Type\":\"HGVS\"}},\"GeneList\":{\"Gene\":{\"@Symbol\":\"MYBPC3\"}}}","variation_type":"Variation","clinical_assertion_id":"SCV001333820"}
20200622/clinical_assertion_variation//created/000000000000:20693:{"subclass_type":"SimpleAllele","descendant_ids":[],"content":"{\"AttributeSet\":{\"Attribute\":{\"$\":\"NM_000256.3:c.1504C\u003eT\",\"@Type\":\"HGVS\"}},\"GeneList\":{\"Gene\":{\"@Symbol\":\"MYBPC3\"}}}","clinical_assertion_id":"SCV001357620","child_ids":[],"id":"SCV001357620.0","variation_type":"Variation"}
20200706/clinical_assertion_variation//updated/000000000000:13:{"variation_type":"Variation","child_ids":[],"descendant_ids":[],"subclass_type":"SimpleAllele","clinical_assertion_id":"SCV000059054","content":"{\"AttributeSet\":{\"Attribute\":{\"$\":\"NC_000011.9:g.47364249G\u003eA\",\"@Type\":\"HGVS\"}},\"GeneList\":{\"Gene\":{\"@Symbol\":\"MYBPC3\"}}}","id":"SCV000059054.0"}
20200928/clinical_assertion_variation//created/000000000000:148:{"content":"{\"AttributeSet\":{\"Attribute\":{\"$\":\"NM_000256.3:c.1504C\u003eT\",\"@Type\":\"HGVS\"}},\"GeneList\":{\"Gene\":{\"@Symbol\":\"MYBPC3\"}},\"XRefList\":{\"XRef\":{\"@DB\":\"dbSNP\",\"@ID\":\"375882485\",\"@Type\":\"rsNumber\"}}}","id":"SCV001433438.0","clinical_assertion_id":"SCV001433438","child_ids":[],"variation_type":"Variation","subclass_type":"SimpleAllele","descendant_ids":[]}
