20190701/clinical_assertion_observation//created/000000000000:8111:{"id":"SCV000606931.0","clinical_assertion_trait_set_id":"SCV000606931.0","content":"{\"Method\":{\"Description\":{\"$\":\"Sanger Sequencing\"},\"MethodAttribute\":{\"Attribute\":{\"$\":\"Exome Sequencing|Whole Exome Sequecing Analysis and Sequence Analysis and Deletion Testing of the Mitchondrial Genome\",\"@Type\":\"TestName\"}},\"MethodType\":{\"$\":\"phenotyping only\"},\"ObsMethodAttribute\":{\"Attribute\":{\"@Type\":\"TestingLaboratory\",\"@dateValue\":\"2015-12-15\",\"@integerValue\":\"26957\"},\"Comment\":{\"$\":\"Pathogenic\",\"@Type\":\"public\"}},\"Purpose\":{\"$\":\"validation\"}},\"ObservedData\":{\"Attribute\":{\"$\":\"not provided\",\"@Type\":\"Description\"}},\"Sample\":{\"AffectedStatus\":{\"$\":\"unknown\"},\"Age\":[{\"$\":\"0\",\"@Type\":\"minimum\",\"@age_unit\":\"years\"},{\"$\":\"9\",\"@Type\":\"maximum\",\"@age_unit\":\"years\"}],\"Gender\":{\"$\":\"male\"},\"Indication\":{\"@Type\":\"Indication\",\"Trait\":{\"@Type\":\"Finding\",\"Name\":{\"ElementValue\":{\"$\":\"Diagnostic\",\"@Type\":\"Preferred\"}}}},\"Origin\":{\"$\":\"paternal\"},\"Species\":{\"$\":\"human\",\"@TaxonomyId\":\"9606\"}}}"}
20190701/clinical_assertion_observation//created/000000000000:123890:{"id":"SCV000319017.0","content":"{\"Method\":{\"MethodType\":{\"$\":\"clinical testing\"}},\"ObservedData\":{\"Attribute\":{\"@Type\":\"VariantAlleles\",\"@integerValue\":\"1\"}},\"Sample\":{\"AffectedStatus\":{\"$\":\"unknown\"},\"NumberTested\":{\"$\":\"1\"},\"Origin\":{\"$\":\"germline\"},\"Species\":{\"$\":\"human\",\"@TaxonomyId\":\"9606\"}}}"}
20190701/clinical_assertion_observation//created/000000000000:173723:{"id":"SCV000059054.0","content":"{\"Method\":{\"MethodType\":{\"$\":\"clinical testing\"}},\"ObservedData\":{\"Attribute\":{\"@Type\":\"VariantAlleles\",\"@integerValue\":\"119\"}},\"Sample\":{\"AffectedStatus\":{\"$\":\"not provided\"},\"FamilyData\":{\"@NumFamiliesWithVariant\":\"66\"},\"Origin\":{\"$\":\"germline\"},\"Species\":{\"$\":\"human\",\"@TaxonomyId\":\"9606\"}}}"}
20190701/clinical_assertion_observation//created/000000000000:197799:{"id":"SCV000803346.0","content":"{\"Method\":{\"MethodType\":{\"$\":\"research\"}},\"ObservedData\":[{\"Attribute\":{\"@Type\":\"VariantAlleles\",\"@integerValue\":\"1\"}},{\"Attribute\":{\"$\":\"11:47364249:G:002-00799\",\"@Type\":\"SampleLocalID\"}}],\"Sample\":{\"AffectedStatus\":{\"$\":\"unknown\"},\"NumberTested\":{\"$\":\"1\"},\"Origin\":{\"$\":\"unknown\"},\"Species\":{\"$\":\"human\",\"@TaxonomyId\":\"9606\"}}}"}
20190701/clinical_assertion_observation//created/000000000000:223700:{"id":"SCV000862304.0","content":"{\"Method\":{\"MethodType\":{\"$\":\"clinical testing\"}},\"ObservedData\":[{\"Attribute\":{\"@Type\":\"VariantAlleles\",\"@integerValue\":\"1\"}},{\"Attribute\":{\"@Type\":\"SingleHeterozygote\",\"@integerValue\":\"1\"}}],\"Sample\":{\"AffectedStatus\":{\"$\":\"unknown\"},\"Gender\":{\"$\":\"mixed\"},\"Origin\":{\"$\":\"germline\"},\"Species\":{\"$\":\"human\",\"@TaxonomyId\":\"9606\"}}}"}
20190701/clinical_assertion_observation//created/000000000000:316428:{"id":"SCV000692517.0","content":"{\"Method\":{\"MethodType\":{\"$\":\"research\"}},\"ObservedData\":{\"Attribute\":{\"$\":\"not provided\",\"@Type\":\"Description\"}},\"Sample\":{\"AffectedStatus\":{\"$\":\"yes\"},\"Origin\":{\"$\":\"germline\"},\"Species\":{\"$\":\"human\",\"@TaxonomyId\":\"9606\"}}}"}
20190701/clinical_assertion_observation//created/000000000000:329314:{"id":"SCV000190379.0","content":"{\"Method\":{\"MethodType\":{\"$\":\"research\"}},\"ObservedData\":{\"Attribute\":{\"$\":\"not provided\",\"@Type\":\"Description\"}},\"Sample\":{\"AffectedStatus\":{\"$\":\"unknown\"},\"Origin\":{\"$\":\"germline\"},\"Species\":{\"$\":\"human\",\"@TaxonomyId\":\"9606\"}}}"}
20190701/clinical_assertion_observation//created/000000000000:419470:{"id":"SCV000208031.0","content":"{\"Method\":{\"MethodType\":{\"$\":\"clinical testing\"}},\"ObservedData\":{\"Attribute\":{\"$\":\"not provided\",\"@Type\":\"Description\"}},\"Sample\":{\"AffectedStatus\":{\"$\":\"yes\"},\"Origin\":{\"$\":\"germline\"},\"Species\":{\"$\":\"human\",\"@TaxonomyId\":\"9606\"}}}"}
20190701/clinical_assertion_observation//created/000000000000:541858:{"id":"SCV000372357.0","content":"{\"Method\":{\"MethodType\":{\"$\":\"clinical testing\"}},\"ObservedData\":{\"Attribute\":{\"$\":\"not provided\",\"@Type\":\"Description\"}},\"Sample\":{\"AffectedStatus\":{\"$\":\"unknown\"},\"Origin\":{\"$\":\"germline\"},\"Species\":{\"$\":\"human\",\"@TaxonomyId\":\"9606\"}}}"}
20190701/clinical_assertion_observation//created/000000000000:591459:{"id":"SCV000614141.0","content":"{\"Method\":{\"MethodType\":{\"$\":\"clinical testing\"}},\"ObservedData\":{\"Attribute\":{\"$\":\"not provided\",\"@Type\":\"Description\"}},\"Sample\":{\"AffectedStatus\":{\"$\":\"unknown\"},\"Origin\":{\"$\":\"germline\"},\"Species\":{\"$\":\"human\",\"@TaxonomyId\":\"9606\"}}}"}
20190701/clinical_assertion_observation//created/000000000000:646776:{"id":"SCV000260968.0","content":"{\"Method\":{\"MethodType\":{\"$\":\"clinical testing\"}},\"ObservedData\":{\"Attribute\":{\"$\":\"not provided\",\"@Type\":\"Description\"}},\"Sample\":{\"AffectedStatus\":{\"$\":\"unknown\"},\"Origin\":{\"$\":\"germline\"},\"Species\":{\"$\":\"human\",\"@TaxonomyId\":\"9606\"}}}"}
20190701/clinical_assertion_observation//created/000000000000:652840:{"id":"SCV000372355.0","content":"{\"Method\":{\"MethodType\":{\"$\":\"clinical testing\"}},\"ObservedData\":{\"Attribute\":{\"$\":\"not provided\",\"@Type\":\"Description\"}},\"Sample\":{\"AffectedStatus\":{\"$\":\"unknown\"},\"Origin\":{\"$\":\"germline\"},\"Species\":{\"$\":\"human\",\"@TaxonomyId\":\"9606\"}}}"}
20190701/clinical_assertion_observation//created/000000000000:667243:{"id":"SCV000840016.0","content":"{\"Method\":{\"MethodType\":{\"$\":\"clinical testing\"}},\"ObservedData\":{\"Attribute\":{\"$\":\"not provided\",\"@Type\":\"Description\"}},\"Sample\":{\"AffectedStatus\":{\"$\":\"unknown\"},\"Origin\":{\"$\":\"germline\"},\"Species\":{\"$\":\"human\",\"@TaxonomyId\":\"9606\"}}}"}
20190701/clinical_assertion_observation//created/000000000000:676499:{"id":"SCV000372356.0","content":"{\"Method\":{\"MethodType\":{\"$\":\"clinical testing\"}},\"ObservedData\":{\"Attribute\":{\"$\":\"not provided\",\"@Type\":\"Description\"}},\"Sample\":{\"AffectedStatus\":{\"$\":\"unknown\"},\"Origin\":{\"$\":\"germline\"},\"Species\":{\"$\":\"human\",\"@TaxonomyId\":\"9606\"}}}"}
20190701/clinical_assertion_observation//created/000000000000:678934:{"id":"SCV000604327.0","content":"{\"Method\":{\"MethodType\":{\"$\":\"clinical testing\"}},\"ObservedData\":{\"Attribute\":{\"$\":\"not provided\",\"@Type\":\"Description\"}},\"Sample\":{\"AffectedStatus\":{\"$\":\"unknown\"},\"Origin\":{\"$\":\"germline\"},\"Species\":{\"$\":\"human\",\"@TaxonomyId\":\"9606\"}}}"}
20190701/clinical_assertion_observation//created/000000000000:830021:{"id":"SCV000696313.0","content":"{\"Method\":{\"MethodType\":{\"$\":\"clinical testing\"}},\"ObservedData\":{\"Attribute\":{\"$\":\"not provided\",\"@Type\":\"Description\"}},\"Sample\":{\"AffectedStatus\":{\"$\":\"unknown\"},\"Origin\":{\"$\":\"germline\"},\"Species\":{\"$\":\"human\",\"@TaxonomyId\":\"9606\"}}}"}
20190701/clinical_assertion_observation//created/000000000000:869262:{"id":"SCV000280214.0","content":"{\"Method\":{\"MethodType\":{\"$\":\"clinical testing\"}},\"ObservedData\":{\"Attribute\":{\"@Type\":\"VariantAlleles\",\"@integerValue\":\"10\"}},\"Sample\":{\"AffectedStatus\":{\"$\":\"not provided\"},\"Origin\":{\"$\":\"germline\"},\"Species\":{\"$\":\"human\",\"@TaxonomyId\":\"9606\"}}}"}
20190902/clinical_assertion_observation//updated/000000000000:2859:{"id":"SCV000059054.0","content":"{\"Method\":{\"MethodType\":{\"$\":\"clinical testing\"}},\"ObservedData\":{\"Attribute\":{\"@Type\":\"VariantAlleles\",\"@integerValue\":\"121\"}},\"Sample\":{\"AffectedStatus\":{\"$\":\"not provided\"},\"FamilyData\":{\"@NumFamiliesWithVariant\":\"66\"},\"Origin\":{\"$\":\"germline\"},\"Species\":{\"$\":\"human\",\"@TaxonomyId\":\"9606\"}}}"}
20191001/clinical_assertion_observation//created/000000000000:1342:{"content":"{\"Method\":{\"MethodType\":{\"$\":\"research\"}},\"ObservedData\":[{\"Attribute\":{\"@Type\":\"VariantAlleles\",\"@integerValue\":\"1\"}},{\"Attribute\":{\"$\":\"11:47364249:G:4770-MA-1817\",\"@Type\":\"SampleLocalID\"}}],\"Sample\":{\"AffectedStatus\":{\"$\":\"unknown\"},\"NumberTested\":{\"$\":\"1\"},\"Origin\":{\"$\":\"unknown\"},\"Species\":{\"$\":\"human\",\"@TaxonomyId\":\"9606\"}}}","id":"SCV000803346.1"}
20191001/clinical_assertion_observation//created/000000000000:1343:{"content":"{\"Method\":{\"MethodType\":{\"$\":\"research\"}},\"ObservedData\":[{\"Attribute\":{\"@Type\":\"VariantAlleles\",\"@integerValue\":\"1\"}},{\"Attribute\":{\"$\":\"11:47364249:G:4770-MA-1857\",\"@Type\":\"SampleLocalID\"}}],\"Sample\":{\"AffectedStatus\":{\"$\":\"unknown\"},\"NumberTested\":{\"$\":\"1\"},\"Origin\":{\"$\":\"unknown\"},\"Species\":{\"$\":\"human\",\"@TaxonomyId\":\"9606\"}}}","id":"SCV000803346.2"}
20191001/clinical_assertion_observation//created/000000000000:1344:{"content":"{\"Method\":{\"MethodType\":{\"$\":\"research\"}},\"ObservedData\":[{\"Attribute\":{\"@Type\":\"VariantAlleles\",\"@integerValue\":\"1\"}},{\"Attribute\":{\"$\":\"11:47364249:G:4770-MA-3115\",\"@Type\":\"SampleLocalID\"}}],\"Sample\":{\"AffectedStatus\":{\"$\":\"unknown\"},\"NumberTested\":{\"$\":\"1\"},\"Origin\":{\"$\":\"unknown\"},\"Species\":{\"$\":\"human\",\"@TaxonomyId\":\"9606\"}}}","id":"SCV000803346.3"}
20191001/clinical_assertion_observation//updated/000000000000:82:{"content":"{\"Method\":{\"MethodType\":{\"$\":\"research\"}},\"ObservedData\":[{\"Attribute\":{\"@Type\":\"VariantAlleles\",\"@integerValue\":\"1\"}},{\"Attribute\":{\"$\":\"11:47364249:G:4770-MA-1008\",\"@Type\":\"SampleLocalID\"}}],\"Sample\":{\"AffectedStatus\":{\"$\":\"unknown\"},\"NumberTested\":{\"$\":\"1\"},\"Origin\":{\"$\":\"unknown\"},\"Species\":{\"$\":\"human\",\"@TaxonomyId\":\"9606\"}}}","id":"SCV000803346.0"}
20200203/clinical_assertion_observation//updated/000000000000:914:{"content":"{\"Method\":{\"Description\":{\"$\":\"Sanger Sequencing\"},\"MethodAttribute\":{\"Attribute\":{\"$\":\"Exome Sequencing|Whole Exome Sequecing Analysis and Sequence Analysis and Deletion Testing of the Mitchondrial Genome\",\"@Type\":\"TestName\"}},\"MethodType\":{\"$\":\"phenotyping only\"},\"ObsMethodAttribute\":{\"Attribute\":{\"$\":\"GeneDx\",\"@Type\":\"TestingLaboratory\",\"@dateValue\":\"2015-12-15\",\"@integerValue\":\"26957\"},\"Comment\":{\"$\":\"Pathogenic\"}},\"Purpose\":{\"$\":\"validation\"}},\"ObservedData\":{\"Attribute\":{\"$\":\"not provided\",\"@Type\":\"Description\"}},\"Sample\":{\"AffectedStatus\":{\"$\":\"unknown\"},\"Age\":[{\"$\":\"0\",\"@Type\":\"minimum\",\"@age_unit\":\"years\"},{\"$\":\"9\",\"@Type\":\"maximum\",\"@age_unit\":\"years\"}],\"Gender\":{\"$\":\"male\"},\"Indication\":{\"@Type\":\"Indication\",\"Trait\":{\"@Type\":\"Finding\",\"Name\":{\"ElementValue\":{\"$\":\"Diagnostic\",\"@Type\":\"Preferred\"}}}},\"Origin\":{\"$\":\"paternal\"},\"Species\":{\"$\":\"human\",\"@TaxonomyId\":\"9606\"}}}","clinical_assertion_trait_set_id":"SCV000606931.0","id":"SCV000606931.0"}
20200330/clinical_assertion_observation//created/000000000000:22642:{"content":"{\"Method\":{\"MethodType\":{\"$\":\"research\"}},\"ObservedData\":[{\"Attribute\":{\"@Type\":\"VariantAlleles\",\"@integerValue\":\"1\"}},{\"Attribute\":{\"$\":\"11:47364249:G:4770-MA-3115\",\"@Type\":\"SampleLocalID\"}}],\"Sample\":{\"AffectedStatus\":{\"$\":\"unknown\"},\"NumberTested\":{\"$\":\"1\"},\"Origin\":{\"$\":\"unknown\"},\"Species\":{\"$\":\"human\",\"@TaxonomyId\":\"9606\"}}}","id":"SCV000803346.4"}
20200330/clinical_assertion_observation//updated/000000000000:394:{"content":"{\"Method\":{\"MethodType\":{\"$\":\"research\"}},\"ObservedData\":[{\"Attribute\":{\"@Type\":\"VariantAlleles\",\"@integerValue\":\"1\"}},{\"Attribute\":{\"$\":\"11:47364249:G:4770-MA-1008\",\"@Type\":\"SampleLocalID\"}}],\"Sample\":{\"AffectedStatus\":{\"$\":\"unknown\"},\"NumberTested\":{\"$\":\"1\"},\"Origin\":{\"$\":\"unknown\"},\"Species\":{\"$\":\"human\",\"@TaxonomyId\":\"9606\"}}}","id":"SCV000803346.1"}
20200330/clinical_assertion_observation//updated/000000000000:395:{"content":"{\"Method\":{\"MethodType\":{\"$\":\"research\"}},\"ObservedData\":[{\"Attribute\":{\"@Type\":\"VariantAlleles\",\"@integerValue\":\"1\"}},{\"Attribute\":{\"$\":\"11:47364249:G:4770-MA-1817\",\"@Type\":\"SampleLocalID\"}}],\"Sample\":{\"AffectedStatus\":{\"$\":\"unknown\"},\"NumberTested\":{\"$\":\"1\"},\"Origin\":{\"$\":\"unknown\"},\"Species\":{\"$\":\"human\",\"@TaxonomyId\":\"9606\"}}}","id":"SCV000803346.2"}
20200330/clinical_assertion_observation//updated/000000000000:396:{"content":"{\"Method\":{\"MethodType\":{\"$\":\"research\"}},\"ObservedData\":[{\"Attribute\":{\"@Type\":\"VariantAlleles\",\"@integerValue\":\"1\"}},{\"Attribute\":{\"$\":\"11:47364249:G:4770-MA-1857\",\"@Type\":\"SampleLocalID\"}}],\"Sample\":{\"AffectedStatus\":{\"$\":\"unknown\"},\"NumberTested\":{\"$\":\"1\"},\"Origin\":{\"$\":\"unknown\"},\"Species\":{\"$\":\"human\",\"@TaxonomyId\":\"9606\"}}}","id":"SCV000803346.3"}
20200330/clinical_assertion_observation//updated/000000000000:399:{"content":"{\"Method\":{\"MethodType\":{\"$\":\"research\"}},\"ObservedData\":[{\"Attribute\":{\"@Type\":\"VariantAlleles\",\"@integerValue\":\"1\"}},{\"Attribute\":{\"$\":\"11:47364249:G:C1166-KB-1393\",\"@Type\":\"SampleLocalID\"}}],\"Sample\":{\"AffectedStatus\":{\"$\":\"unknown\"},\"NumberTested\":{\"$\":\"1\"},\"Origin\":{\"$\":\"unknown\"},\"Species\":{\"$\":\"human\",\"@TaxonomyId\":\"9606\"}}}","id":"SCV000803346.0"}
20200602/clinical_assertion_observation//created/000000000000:45742:{"content":"{\"Method\":{\"MethodType\":{\"$\":\"clinical testing\"}},\"ObservedData\":{\"Attribute\":{\"$\":\"not provided\",\"@Type\":\"Description\"}},\"Sample\":{\"AffectedStatus\":{\"$\":\"unknown\"},\"Origin\":{\"$\":\"germline\"},\"Species\":{\"$\":\"human\",\"@TaxonomyId\":\"9606\"}}}","id":"SCV001333820.0"}
20200622/clinical_assertion_observation//created/000000000000:6392:{"content":"{\"Method\":{\"MethodType\":{\"$\":\"clinical testing\"},\"TypePlatform\":{\"$\":\"NGS\"}},\"ObservedData\":{\"Attribute\":{\"$\":\"not provided\",\"@Type\":\"Description\"}},\"Sample\":{\"AffectedStatus\":{\"$\":\"unknown\"},\"Origin\":{\"$\":\"germline\"},\"Species\":{\"$\":\"human\",\"@TaxonomyId\":\"9606\"}}}","id":"SCV001357620.0"}
20200706/clinical_assertion_observation//updated/000000000000:655:{"id":"SCV000059054.0","content":"{\"Method\":{\"MethodType\":{\"$\":\"clinical testing\"}},\"ObservedData\":{\"Attribute\":{\"@Type\":\"VariantAlleles\",\"@integerValue\":\"127\"}},\"Sample\":{\"AffectedStatus\":{\"$\":\"unknown\"},\"FamilyData\":{\"@NumFamiliesWithVariant\":\"72\"},\"Origin\":{\"$\":\"germline\"},\"Species\":{\"$\":\"human\",\"@TaxonomyId\":\"9606\"}}}"}
20200928/clinical_assertion_observation//created/000000000000:1232:{"content":"{\"Method\":{\"MethodType\":{\"$\":\"clinical testing\"}},\"ObservedData\":{\"Attribute\":{\"$\":\"not provided\",\"@Type\":\"Description\"}},\"Sample\":{\"AffectedStatus\":{\"$\":\"yes\"},\"Origin\":{\"$\":\"germline\"},\"Species\":{\"$\":\"human\",\"@TaxonomyId\":\"9606\"}}}","id":"SCV001433438.0"}
