20190701/gene_association//created/000000000001:520743:{"source":"submitted","variation_id":"42540","relationship_type":"within single gene","content":"{\"Haploinsufficiency\":{\"$\":\"Sufficient evidence for dosage pathogenicity\",\"@ClinGen\":\"https://www.ncbi.nlm.nih.gov/projects/dbvar/ISCA/isca_gene.cgi?sym=MYBPC3\",\"@last_evaluated\":\"2015-11-12\"},\"Location\":{\"CytogeneticLocation\":{\"$\":\"11p11.2\"},\"SequenceLocation\":[{\"@Accession\":\"NC_000011.10\",\"@Assembly\":\"GRCh38\",\"@AssemblyAccessionVersion\":\"GCF_000001405.38\",\"@AssemblyStatus\":\"current\",\"@Chr\":\"11\",\"@Strand\":\"-\",\"@display_start\":\"47331406\",\"@display_stop\":\"47352702\",\"@start\":\"47331406\",\"@stop\":\"47352702\"},{\"@Accession\":\"NC_000011.9\",\"@Assembly\":\"GRCh37\",\"@AssemblyAccessionVersion\":\"GCF_000001405.25\",\"@AssemblyStatus\":\"previous\",\"@Chr\":\"11\",\"@Strand\":\"-\",\"@display_start\":\"47352956\",\"@display_stop\":\"47374252\",\"@start\":\"47352956\",\"@stop\":\"47374252\"}]},\"OMIM\":{\"$\":\"600958\"},\"Property\":{\"$\":\"gene_acmg_incidental_2013\"},\"Triplosensitivity\":{\"$\":\"No evidence available\",\"@ClinGen\":\"https://www.ncbi.nlm.nih.gov/projects/dbvar/ISCA/isca_gene.cgi?sym=MYBPC3\",\"@last_evaluated\":\"2015-11-12\"}}","gene_id":"4607"}
20200830/gene_association//updated/000000000000:502:{"relationship_type":"within single gene","gene_id":"4607","variation_id":"42540","content":"{\"Haploinsufficiency\":{\"$\":\"Sufficient evidence for dosage pathogenicity\",\"@ClinGen\":\"https://www.ncbi.nlm.nih.gov/projects/dbvar/ISCA/isca_gene.cgi?sym=MYBPC3\",\"@last_evaluated\":\"2015-11-12\"},\"Location\":{\"CytogeneticLocation\":{\"$\":\"11p11.2\"},\"SequenceLocation\":[{\"@Accession\":\"NC_000011.10\",\"@Assembly\":\"GRCh38\",\"@AssemblyAccessionVersion\":\"GCF_000001405.38\",\"@AssemblyStatus\":\"current\",\"@Chr\":\"11\",\"@Strand\":\"-\",\"@display_start\":\"47331406\",\"@display_stop\":\"47352702\",\"@start\":\"47331406\",\"@stop\":\"47352702\"},{\"@Accession\":\"NC_000011.9\",\"@Assembly\":\"GRCh37\",\"@AssemblyAccessionVersion\":\"GCF_000001405.25\",\"@AssemblyStatus\":\"previous\",\"@Chr\":\"11\",\"@Strand\":\"-\",\"@display_start\":\"47352956\",\"@display_stop\":\"47374252\",\"@start\":\"47352956\",\"@stop\":\"47374252\"}]},\"OMIM\":{\"$\":\"600958\"},\"Property\":[{\"$\":\"gene_acmg_incidental_2013\"},{\"$\":\"gene_acmg_incidental_2016\"}],\"Triplosensitivity\":{\"$\":\"No evidence available\",\"@ClinGen\":\"https://www.ncbi.nlm.nih.gov/projects/dbvar/ISCA/isca_gene.cgi?sym=MYBPC3\",\"@last_evaluated\":\"2015-11-12\"}}","source":"submitted"}
