20190701/rcv_accession//created/000000000000:163576:{"variation_id":"42540","id":"RCV000778104","variation_archive_id":"VCV000042540","date_last_evaluated":"2018-05-07","version":"1","title":"NM_000256.3(MYBPC3):c.1504C\u003eT (p.Arg502Trp) AND MYBPC3-Related Disorders","submission_count":"1","trait_set_id":"33478","review_status":"criteria provided, single submitter","interpretation":"Pathogenic"}
20190701/rcv_accession//created/000000000000:389307:{"variation_id":"42540","id":"RCV000584810","variation_archive_id":"VCV000042540","date_last_evaluated":"2017-03-16","version":"1","title":"NM_000256.3(MYBPC3):c.1504C\u003eT (p.Arg502Trp) AND Familial hypertrophic cardiomyopathy 1","submission_count":"1","trait_set_id":"6411","review_status":"criteria provided, single submitter","interpretation":"Pathogenic"}
20190701/rcv_accession//created/000000000000:523201:{"variation_id":"42540","id":"RCV000403323","variation_archive_id":"VCV000042540","date_last_evaluated":"2016-06-14","version":"1","title":"NM_000256.3(MYBPC3):c.1504C\u003eT (p.Arg502Trp) AND Dilated Cardiomyopathy, Dominant","submission_count":"1","trait_set_id":"33381","review_status":"criteria provided, single submitter","interpretation":"Uncertain significance"}
20190701/rcv_accession//created/000000000000:528426:{"variation_id":"42540","id":"RCV000351173","variation_archive_id":"VCV000042540","date_last_evaluated":"2016-06-14","version":"1","title":"NM_000256.3(MYBPC3):c.1504C\u003eT (p.Arg502Trp) AND Left ventricular noncompaction cardiomyopathy","submission_count":"1","trait_set_id":"19227","review_status":"criteria provided, single submitter","interpretation":"Uncertain significance"}
20190701/rcv_accession//created/000000000000:665465:{"variation_id":"42540","id":"RCV000035406","variation_archive_id":"VCV000042540","date_last_evaluated":"2016-07-21","version":"6","title":"NM_000256.3(MYBPC3):c.1504C\u003eT (p.Arg502Trp) AND Primary familial hypertrophic cardiomyopathy","submission_count":"2","trait_set_id":"2675","review_status":"criteria provided, single submitter","interpretation":"Pathogenic"}
20190701/rcv_accession//created/000000000000:673432:{"variation_id":"42540","id":"RCV000203913","variation_archive_id":"VCV000042540","date_last_evaluated":"2018-06-28","version":"9","title":"NM_000256.3(MYBPC3):c.1504C\u003eT (p.Arg502Trp) AND Hypertrophic cardiomyopathy","submission_count":"2","trait_set_id":"17368","review_status":"criteria provided, single submitter","interpretation":"Pathogenic"}
20190701/rcv_accession//created/000000000000:673699:{"variation_id":"42540","id":"RCV000677196","variation_archive_id":"VCV000042540","date_last_evaluated":"2018-02-27","version":"2","title":"NM_000256.3(MYBPC3):c.1504C\u003eT (p.Arg502Trp) AND Familial hypertrophic cardiomyopathy 4","submission_count":"2","trait_set_id":"2365","review_status":"criteria provided, multiple submitters, no conflicts","interpretation":"Pathogenic"}
20190701/rcv_accession//created/000000000000:691612:{"variation_id":"42540","id":"RCV000252398","variation_archive_id":"VCV000042540","date_last_evaluated":"2017-05-24","version":"2","title":"NM_000256.3(MYBPC3):c.1504C\u003eT (p.Arg502Trp) AND Cardiovascular phenotype","submission_count":"2","trait_set_id":"32616","review_status":"criteria provided, multiple submitters, no conflicts","interpretation":"Pathogenic"}
20190701/rcv_accession//created/000000000000:721107:{"variation_id":"42540","id":"RCV000223898","variation_archive_id":"VCV000042540","date_last_evaluated":"2018-12-31","version":"7","title":"NM_000256.3(MYBPC3):c.1504C\u003eT (p.Arg502Trp) AND not provided","submission_count":"5","trait_set_id":"9460","review_status":"criteria provided, multiple submitters, no conflicts","interpretation":"Pathogenic/Likely pathogenic"}
20190902/rcv_accession//updated/000000000000:63532:{"id":"RCV000035406","variation_id":"42540","review_status":"no assertion criteria provided","title":"NM_000256.3(MYBPC3):c.1504C\u003eT (p.Arg502Trp) AND Primary familial hypertrophic cardiomyopathy","interpretation":"Pathogenic","trait_set_id":"2675","date_last_evaluated":"2014-06-01","version":"6","variation_archive_id":"VCV000042540","submission_count":"1"}
20190902/rcv_accession//updated/000000000000:101277:{"id":"RCV000203913","variation_id":"42540","review_status":"criteria provided, multiple submitters, no conflicts","title":"NM_000256.3(MYBPC3):c.1504C\u003eT (p.Arg502Trp) AND Hypertrophic cardiomyopathy","interpretation":"Pathogenic","trait_set_id":"17368","date_last_evaluated":"2018-12-27","version":"10","variation_archive_id":"VCV000042540","submission_count":"3"}
20191001/rcv_accession//updated/000000000000:3661:{"variation_archive_id":"VCV000042540","date_last_evaluated":"2018-12-10","submission_count":"2","trait_set_id":"2365","title":"NM_000256.3(MYBPC3):c.1504C\u003eT (p.Arg502Trp) AND Familial hypertrophic cardiomyopathy 4","version":"3","review_status":"criteria provided, multiple submitters, no conflicts","variation_id":"42540","interpretation":"Pathogenic","id":"RCV000677196"}
20200302/rcv_accession//created/000000000000:1904:{"version":"1","date_last_evaluated":"2019-04-07","submission_count":"1","title":"NM_000256.3(MYBPC3):c.1504C\u003eT (p.Arg502Trp) AND not specified","variation_archive_id":"VCV000042540","id":"RCV001000015","review_status":"criteria provided, single submitter","interpretation":"Pathogenic","variation_id":"42540","trait_set_id":"9590"}
20200302/rcv_accession//updated/000000000000:11531:{"version":"8","id":"RCV000223898","submission_count":"4","review_status":"criteria provided, multiple submitters, no conflicts","variation_archive_id":"VCV000042540","title":"NM_000256.3(MYBPC3):c.1504C\u003eT (p.Arg502Trp) AND not provided","variation_id":"42540","interpretation":"Pathogenic/Likely pathogenic","date_last_evaluated":"2018-12-31","trait_set_id":"9460"}
20200330/rcv_accession//updated/000000000000:8701:{"submission_count":"2","variation_id":"42540","date_last_evaluated":"2018-06-18","interpretation":"Pathogenic","version":"2","trait_set_id":"32616","id":"RCV000252398","variation_archive_id":"VCV000042540","review_status":"criteria provided, multiple submitters, no conflicts","title":"NM_000256.3(MYBPC3):c.1504C\u003eT (p.Arg502Trp) AND Cardiovascular phenotype"}
20200330/rcv_accession//updated/000000000000:15338:{"submission_count":"2","variation_id":"42540","date_last_evaluated":"2019-12-30","interpretation":"Pathogenic","version":"4","trait_set_id":"2365","id":"RCV000677196","variation_archive_id":"VCV000042540","review_status":"criteria provided, multiple submitters, no conflicts","title":"NM_000256.3(MYBPC3):c.1504C\u003eT (p.Arg502Trp) AND Familial hypertrophic cardiomyopathy 4"}
20200506/rcv_accession//updated/000000000000:59744:{"date_last_evaluated":"2019-12-30","review_status":"criteria provided, multiple submitters, no conflicts","variation_archive_id":"VCV000042540","version":"11","submission_count":"3","trait_set_id":"17368","interpretation":"Pathogenic","variation_id":"42540","title":"NM_000256.3(MYBPC3):c.1504C\u003eT (p.Arg502Trp) AND Hypertrophic cardiomyopathy","id":"RCV000203913"}
20200602/rcv_accession//created/000000000000:80381:{"submission_count":"1","review_status":"criteria provided, single submitter","variation_id":"42540","trait_set_id":"8589","date_last_evaluated":"2018-04-18","id":"RCV001171137","version":"1","interpretation":"Pathogenic","title":"NM_000256.3(MYBPC3):c.1504C\u003eT (p.Arg502Trp) AND Cardiomyopathy","variation_archive_id":"VCV000042540"}
20200622/rcv_accession//updated/000000000000:6166:{"title":"NM_000256.3(MYBPC3):c.1504C\u003eT (p.Arg502Trp) AND Cardiomyopathy","version":"2","submission_count":"2","date_last_evaluated":"2020-02-14","id":"RCV001171137","interpretation":"Pathogenic","variation_id":"42540","trait_set_id":"8589","review_status":"criteria provided, multiple submitters, no conflicts","variation_archive_id":"VCV000042540"}
20200706/rcv_accession//updated/000000000000:696:{"submission_count":"3","review_status":"criteria provided, multiple submitters, no conflicts","id":"RCV000203913","date_last_evaluated":"2019-12-30","version":"12","variation_id":"42540","interpretation":"Pathogenic","trait_set_id":"17368","title":"NM_000256.3(MYBPC3):c.1504C\u003eT (p.Arg502Trp) AND Hypertrophic cardiomyopathy","variation_archive_id":"VCV000042540"}
20200928/rcv_accession//updated/000000000000:381:{"id":"RCV000584810","version":"2","date_last_evaluated":"2019-02-18","trait_set_id":"6411","content":"{\"InterpretedConditionList\":{\"@TraitSetID\":\"6411\"}}","submission_count":"2","review_status":"criteria provided, multiple submitters, no conflicts","interpretation":"Pathogenic","title":"NM_000256.3(MYBPC3):c.1504C\u003eT (p.Arg502Trp) AND Familial hypertrophic cardiomyopathy 1","variation_archive_id":"VCV000042540","variation_id":"42540"}
20201209T180000/rcv_accession//updated/000000000000:5153:{"version":"3","submission_count":"2","variation_archive_id":"VCV000042540","trait_set_id":"32616","content":"{\"InterpretedConditionList\":{\"@TraitSetID\":\"32616\"}}","date_last_evaluated":"2018-06-18","interpretation":"Pathogenic","id":"RCV000252398","variation_id":"42540","title":"NM_000256.3(MYBPC3):c.1504C\u003eT (p.Arg502Trp) AND Cardiovascular phenotype","review_status":"criteria provided, multiple submitters, no conflicts"}
20210111T180000/rcv_accession//updated/000000000000:1016:{"review_status":"criteria provided, single submitter","version":"1","content":"{\"InterpretedConditionList\":{\"@TraitSetID\":\"19227\"}}","submission_count":"1","interpretation":"Uncertain significance","title":"NM_000256.3(MYBPC3):c.1504C\u003eT (p.Arg502Trp) AND Cardiomyopathy, left ventricular noncompaction","date_last_evaluated":"2016-06-14","trait_set_id":"19227","id":"RCV000351173","variation_archive_id":"VCV000042540","variation_id":"42540"}
