20190701/trait_mapping//created/000000000000:9065:{"trait_type":"Disease","mapping_value":"115197","mapping_type":"XRef","medgen_name":"Familial hypertrophic cardiomyopathy 4","mapping_ref":"OMIM","medgen_id":"C1861862","clinical_assertion_id":"SCV000840016"}
20190701/trait_mapping//created/000000000000:9098:{"trait_type":"Disease","mapping_value":"115197","mapping_type":"XRef","medgen_name":"Familial hypertrophic cardiomyopathy 4","mapping_ref":"OMIM","medgen_id":"C1861862","clinical_assertion_id":"SCV000803346"}
20190701/trait_mapping//created/000000000000:17963:{"trait_type":"Disease","mapping_value":"192600","mapping_type":"XRef","medgen_name":"Familial hypertrophic cardiomyopathy 1","mapping_ref":"OMIM","medgen_id":"C3495498","clinical_assertion_id":"SCV000692517"}
20190701/trait_mapping//created/000000000000:91700:{"trait_type":"Disease","mapping_value":"C0007194","mapping_type":"XRef","medgen_name":"Hypertrophic cardiomyopathy","mapping_ref":"MedGen","medgen_id":"C0007194","clinical_assertion_id":"SCV000606931"}
20190701/trait_mapping//created/000000000000:238504:{"trait_type":"Disease","mapping_value":"ORPHA99739","mapping_type":"XRef","medgen_name":"Primary familial hypertrophic cardiomyopathy","mapping_ref":"Orphanet","medgen_id":"C0949658","clinical_assertion_id":"SCV000059054"}
20190701/trait_mapping//created/000000000000:267325:{"trait_type":"Disease","mapping_value":"Not Provided","mapping_type":"Name","medgen_name":"not provided","mapping_ref":"Preferred","medgen_id":"CN517202","clinical_assertion_id":"SCV000604327"}
20190701/trait_mapping//created/000000000000:285675:{"trait_type":"Disease","mapping_value":"Not Provided","mapping_type":"Name","medgen_name":"not provided","mapping_ref":"Preferred","medgen_id":"CN517202","clinical_assertion_id":"SCV000208031"}
20190701/trait_mapping//created/000000000000:291432:{"trait_type":"Disease","mapping_value":"Not provided","mapping_type":"Name","medgen_name":"not provided","mapping_ref":"Preferred","medgen_id":"CN517202","clinical_assertion_id":"SCV000280214"}
20190701/trait_mapping//created/000000000000:349958:{"trait_type":"Disease","mapping_value":"not provided","mapping_type":"Name","medgen_name":"not provided","mapping_ref":"Preferred","medgen_id":"CN517202","clinical_assertion_id":"SCV000862304"}
20190701/trait_mapping//created/000000000000:379108:{"trait_type":"Disease","mapping_value":"not provided","mapping_type":"Name","medgen_name":"not provided","mapping_ref":"Preferred","medgen_id":"CN517202","clinical_assertion_id":"SCV000614141"}
20190701/trait_mapping//created/000000000000:587951:{"trait_type":"Disease","mapping_value":"MYBPC3-Related Disorders","mapping_type":"Name","medgen_name":"MYBPC3-Related Disorders","mapping_ref":"Preferred","medgen_id":"CN239295","clinical_assertion_id":"SCV000372357"}
20190701/trait_mapping//created/000000000000:594172:{"trait_type":"Disease","mapping_value":"cardiovascular phenotype","mapping_type":"Name","medgen_name":"Cardiovascular phenotype","mapping_ref":"Preferred","medgen_id":"CN230736","clinical_assertion_id":"SCV000319017"}
20190701/trait_mapping//created/000000000000:623028:{"trait_type":"Disease","mapping_value":"Hypertrophic cardiomyopathy","mapping_type":"Name","medgen_name":"Primary familial hypertrophic cardiomyopathy","mapping_ref":"Preferred","medgen_id":"C0949658","clinical_assertion_id":"SCV000260968"}
20190701/trait_mapping//created/000000000000:628204:{"trait_type":"Disease","mapping_value":"Cardiomyopathy, hypertrophic","mapping_type":"Name","medgen_name":"Primary familial hypertrophic cardiomyopathy","mapping_ref":"Preferred","medgen_id":"C0949658","clinical_assertion_id":"SCV000190379"}
20190701/trait_mapping//created/000000000000:660874:{"trait_type":"Disease","mapping_value":"Dilated Cardiomyopathy, Dominant","mapping_type":"Name","medgen_name":"Dilated Cardiomyopathy, Dominant","mapping_ref":"Preferred","medgen_id":"CN239310","clinical_assertion_id":"SCV000372356"}
20190701/trait_mapping//created/000000000000:823813:{"trait_type":"Finding","mapping_value":"Anxiety","mapping_type":"Name","medgen_name":"Anxiety","mapping_ref":"Preferred","medgen_id":"C0003467","clinical_assertion_id":"SCV000606931"}
20190701/trait_mapping//created/000000000000:827529:{"trait_type":"Finding","mapping_value":"CN230736","mapping_type":"XRef","medgen_name":"Cardiovascular phenotype","mapping_ref":"MedGen","medgen_id":"CN230736","clinical_assertion_id":"SCV000696313"}
20190701/trait_mapping//created/000000000000:865775:{"trait_type":"Finding","mapping_value":"Premature birth","mapping_type":"Name","medgen_name":"Premature birth","mapping_ref":"Preferred","medgen_id":"C0151526","clinical_assertion_id":"SCV000606931"}
20190701/trait_mapping//created/000000000000:868800:{"trait_type":"Finding","mapping_value":"Autistic behavior","mapping_type":"Name","medgen_name":"Autistic behavior","mapping_ref":"Preferred","medgen_id":"C0856975","clinical_assertion_id":"SCV000606931"}
20190701/trait_mapping//created/000000000000:886286:{"trait_type":"Finding","mapping_value":"Short attention span","mapping_type":"Name","medgen_name":"Short attention span","mapping_ref":"Preferred","medgen_id":"C0262630","clinical_assertion_id":"SCV000606931"}
20190701/trait_mapping//created/000000000000:920809:{"trait_type":"Finding","mapping_value":"Abnormality of the placenta","mapping_type":"Name","medgen_name":"Abnormality of the placenta","mapping_ref":"Preferred","medgen_id":"C1306893","clinical_assertion_id":"SCV000606931"}
20190701/trait_mapping//created/000000000000:934721:{"trait_type":"Finding","mapping_value":"Abnormality of the amniotic fluid","mapping_type":"Name","medgen_name":"Abnormality of the amniotic fluid","mapping_ref":"Preferred","medgen_id":"C0266781","clinical_assertion_id":"SCV000606931"}
20190701/trait_mapping//created/000000000000:935067:{"trait_type":"Finding","mapping_value":"Abnormality of the umbilical cord","mapping_type":"Name","medgen_name":"Abnormality of the umbilical cord","mapping_ref":"Preferred","medgen_id":"C0266785","clinical_assertion_id":"SCV000606931"}
20190701/trait_mapping//created/000000000000:944492:{"trait_type":"Finding","mapping_value":"Left Ventricular Noncompaction Cardiomyopathy","mapping_type":"Name","medgen_name":"left ventricular noncompaction cardiomyopathy","mapping_ref":"Preferred","medgen_id":"C4021133","clinical_assertion_id":"SCV000372355"}
20190731/trait_mapping//updated/000000000000:5626:{"mapping_value":"Left Ventricular Noncompaction Cardiomyopathy","medgen_name":"Left ventricular noncompaction cardiomyopathy","mapping_ref":"Preferred","trait_type":"Finding","medgen_id":"C4021133","clinical_assertion_id":"SCV000372355","mapping_type":"Name"}
20190902/trait_mapping//created/000000000000:7547:{"mapping_value":"ORPHA217569","mapping_ref":"Orphanet","medgen_name":"Hypertrophic cardiomyopathy","mapping_type":"XRef","trait_type":"Disease","clinical_assertion_id":"SCV000059054","medgen_id":"C0007194"}
20190902/trait_mapping//deleted/000000000000:13935:{"medgen_name":"Primary familial hypertrophic cardiomyopathy","mapping_type":"XRef","mapping_ref":"Orphanet","mapping_value":"ORPHA99739","clinical_assertion_id":"SCV000059054","medgen_id":"C0949658","trait_type":"Disease"}
20200302/trait_mapping//created/000000000000:6245:{"mapping_type":"Name","medgen_id":"CN169374","medgen_name":"not specified","clinical_assertion_id":"SCV000604327","mapping_ref":"Preferred","trait_type":"Disease","mapping_value":"not specified"}
20200302/trait_mapping//deleted/000000000000:768:{"mapping_ref":"Preferred","mapping_value":"Not Provided","clinical_assertion_id":"SCV000604327","medgen_name":"not provided","trait_type":"Disease","medgen_id":"CN517202","mapping_type":"Name"}
20200330/trait_mapping//created/000000000000:8572:{"mapping_value":"Cardiovascular phenotype","mapping_type":"Name","medgen_id":"CN230736","medgen_name":"Cardiovascular phenotype","mapping_ref":"Preferred","trait_type":"Disease","clinical_assertion_id":"SCV000319017"}
20200330/trait_mapping//deleted/000000000000:1708:{"mapping_type":"Name","trait_type":"Disease","medgen_name":"Cardiovascular phenotype","clinical_assertion_id":"SCV000319017","medgen_id":"CN230736","mapping_ref":"Preferred","mapping_value":"cardiovascular phenotype"}
20200602/trait_mapping//created/000000000000:165276:{"trait_type":"Disease","medgen_name":"Cardiomyopathy","clinical_assertion_id":"SCV001333820","mapping_value":"Cardiomyopathy","medgen_id":"C0878544","mapping_ref":"Preferred","mapping_type":"Name"}
20200622/trait_mapping//created/000000000000:10075:{"clinical_assertion_id":"SCV001357620","medgen_id":"C0878544","trait_type":"Disease","mapping_ref":"Preferred","medgen_name":"Cardiomyopathy","mapping_value":"Cardiomyopathy","mapping_type":"Name"}
20200905/trait_mapping//updated/000000000000:2699:{"trait_type":"Disease","mapping_ref":"Preferred","mapping_value":"Hypertrophic cardiomyopathy","mapping_type":"Name","medgen_id":"C0007194","medgen_name":"Hypertrophic cardiomyopathy","clinical_assertion_id":"SCV000260968"}
20200905/trait_mapping//updated/000000000000:3258:{"trait_type":"Disease","mapping_ref":"Preferred","mapping_value":"Cardiomyopathy, hypertrophic","mapping_type":"Name","medgen_id":"C0007194","medgen_name":"Hypertrophic cardiomyopathy","clinical_assertion_id":"SCV000190379"}
20200928/trait_mapping//created/000000000000:179:{"medgen_name":"Familial hypertrophic cardiomyopathy 1","trait_type":"Disease","clinical_assertion_id":"SCV001433438","medgen_id":"C3495498","mapping_type":"XRef","mapping_value":"192600","mapping_ref":"OMIM"}
20210111T180000/trait_mapping//updated/000000000000:600:{"mapping_value":"Left Ventricular Noncompaction Cardiomyopathy","medgen_name":"Cardiomyopathy, left ventricular noncompaction","clinical_assertion_id":"SCV000372355","mapping_type":"Name","trait_type":"Finding","medgen_id":"C4021133","mapping_ref":"Preferred"}
